Archive member included to satisfy reference by file (symbol)

/opt/st/stm32cubeide_1.8.0/plugins/com.st.stm32cube.ide.mcu.externaltools.gnu-tools-for-stm32.9-2020-q2-update.linux64_2.0.0.202105311346/tools/bin/../lib/gcc/arm-none-eabi/9.3.1/../../../../arm-none-eabi/lib/thumb/v7-m/nofp/libc_nano.a(lib_a-errno.o)
                              ./Core/Src/syscalls.o (__errno)
/opt/st/stm32cubeide_1.8.0/plugins/com.st.stm32cube.ide.mcu.externaltools.gnu-tools-for-stm32.9-2020-q2-update.linux64_2.0.0.202105311346/tools/bin/../lib/gcc/arm-none-eabi/9.3.1/../../../../arm-none-eabi/lib/thumb/v7-m/nofp/libc_nano.a(lib_a-exit.o)
                              /opt/st/stm32cubeide_1.8.0/plugins/com.st.stm32cube.ide.mcu.externaltools.gnu-tools-for-stm32.9-2020-q2-update.linux64_2.0.0.202105311346/tools/bin/../lib/gcc/arm-none-eabi/9.3.1/../../../../arm-none-eabi/lib/thumb/v7-m/nofp/crt0.o (exit)
/opt/st/stm32cubeide_1.8.0/plugins/com.st.stm32cube.ide.mcu.externaltools.gnu-tools-for-stm32.9-2020-q2-update.linux64_2.0.0.202105311346/tools/bin/../lib/gcc/arm-none-eabi/9.3.1/../../../../arm-none-eabi/lib/thumb/v7-m/nofp/libc_nano.a(lib_a-impure.o)
                              /opt/st/stm32cubeide_1.8.0/plugins/com.st.stm32cube.ide.mcu.externaltools.gnu-tools-for-stm32.9-2020-q2-update.linux64_2.0.0.202105311346/tools/bin/../lib/gcc/arm-none-eabi/9.3.1/../../../../arm-none-eabi/lib/thumb/v7-m/nofp/libc_nano.a(lib_a-exit.o) (_global_impure_ptr)
/opt/st/stm32cubeide_1.8.0/plugins/com.st.stm32cube.ide.mcu.externaltools.gnu-tools-for-stm32.9-2020-q2-update.linux64_2.0.0.202105311346/tools/bin/../lib/gcc/arm-none-eabi/9.3.1/../../../../arm-none-eabi/lib/thumb/v7-m/nofp/libc_nano.a(lib_a-init.o)
                              /opt/st/stm32cubeide_1.8.0/plugins/com.st.stm32cube.ide.mcu.externaltools.gnu-tools-for-stm32.9-2020-q2-update.linux64_2.0.0.202105311346/tools/bin/../lib/gcc/arm-none-eabi/9.3.1/../../../../arm-none-eabi/lib/thumb/v7-m/nofp/crt0.o (__libc_init_array)
/opt/st/stm32cubeide_1.8.0/plugins/com.st.stm32cube.ide.mcu.externaltools.gnu-tools-for-stm32.9-2020-q2-update.linux64_2.0.0.202105311346/tools/bin/../lib/gcc/arm-none-eabi/9.3.1/../../../../arm-none-eabi/lib/thumb/v7-m/nofp/libc_nano.a(lib_a-memset.o)
                              /opt/st/stm32cubeide_1.8.0/plugins/com.st.stm32cube.ide.mcu.externaltools.gnu-tools-for-stm32.9-2020-q2-update.linux64_2.0.0.202105311346/tools/bin/../lib/gcc/arm-none-eabi/9.3.1/../../../../arm-none-eabi/lib/thumb/v7-m/nofp/crt0.o (memset)

Allocating common symbols
Common symbol       size              file

tmp                 0x1               ./Core/Src/main.o
hUsbDeviceFS        0x2c4             ./USB_DEVICE/App/usb_device.o
usb_rx_buffer       0x40              ./Core/Src/main.o
htim4               0x48              ./Core/Src/main.o
uwTick              0x4               ./Drivers/STM32F1xx_HAL_Driver/Src/stm32f1xx_hal.o
pFlash              0x20              ./Drivers/STM32F1xx_HAL_Driver/Src/stm32f1xx_hal_flash.o
usb_rx_ready        0x1               ./Core/Src/main.o
frame               0x4               ./Core/Src/main.o
hspi1               0x58              ./Core/Src/main.o
us_tick             0x4               ./Core/Src/main.o
hpcd_USB_FS         0x2ec             ./USB_DEVICE/Target/usbd_conf.o
USBD_StrDesc        0x200             ./USB_DEVICE/App/usbd_desc.o
usb_tx_buffer       0x40              ./Core/Src/main.o

Discarded input sections

 .text          0x0000000000000000        0x0 /opt/st/stm32cubeide_1.8.0/plugins/com.st.stm32cube.ide.mcu.externaltools.gnu-tools-for-stm32.9-2020-q2-update.linux64_2.0.0.202105311346/tools/bin/../lib/gcc/arm-none-eabi/9.3.1/thumb/v7-m/nofp/crti.o
 .data          0x0000000000000000        0x0 /opt/st/stm32cubeide_1.8.0/plugins/com.st.stm32cube.ide.mcu.externaltools.gnu-tools-for-stm32.9-2020-q2-update.linux64_2.0.0.202105311346/tools/bin/../lib/gcc/arm-none-eabi/9.3.1/thumb/v7-m/nofp/crti.o
 .bss           0x0000000000000000        0x0 /opt/st/stm32cubeide_1.8.0/plugins/com.st.stm32cube.ide.mcu.externaltools.gnu-tools-for-stm32.9-2020-q2-update.linux64_2.0.0.202105311346/tools/bin/../lib/gcc/arm-none-eabi/9.3.1/thumb/v7-m/nofp/crti.o
 .data          0x0000000000000000        0x4 /opt/st/stm32cubeide_1.8.0/plugins/com.st.stm32cube.ide.mcu.externaltools.gnu-tools-for-stm32.9-2020-q2-update.linux64_2.0.0.202105311346/tools/bin/../lib/gcc/arm-none-eabi/9.3.1/thumb/v7-m/nofp/crtbegin.o
 .text          0x0000000000000000       0x7c /opt/st/stm32cubeide_1.8.0/plugins/com.st.stm32cube.ide.mcu.externaltools.gnu-tools-for-stm32.9-2020-q2-update.linux64_2.0.0.202105311346/tools/bin/../lib/gcc/arm-none-eabi/9.3.1/../../../../arm-none-eabi/lib/thumb/v7-m/nofp/crt0.o
 .data          0x0000000000000000        0x0 /opt/st/stm32cubeide_1.8.0/plugins/com.st.stm32cube.ide.mcu.externaltools.gnu-tools-for-stm32.9-2020-q2-update.linux64_2.0.0.202105311346/tools/bin/../lib/gcc/arm-none-eabi/9.3.1/../../../../arm-none-eabi/lib/thumb/v7-m/nofp/crt0.o
[...]
Memory Configuration

Name             Origin             Length             Attributes
RAM              0x0000000020000000 0x0000000000002800 xrw
FLASH            0x0000000008000000 0x0000000000010000 xr
*default*        0x0000000000000000 0xffffffffffffffff

Linker script and memory map

LOAD /opt/st/stm32cubeide_1.8.0/plugins/com.st.stm32cube.ide.mcu.externaltools.gnu-tools-for-stm32.9-2020-q2-update.linux64_2.0.0.202105311346/tools/bin/../lib/gcc/arm-none-eabi/9.3.1/thumb/v7-m/nofp/crti.o
LOAD /opt/st/stm32cubeide_1.8.0/plugins/com.st.stm32cube.ide.mcu.externaltools.gnu-tools-for-stm32.9-2020-q2-update.linux64_2.0.0.202105311346/tools/bin/../lib/gcc/arm-none-eabi/9.3.1/thumb/v7-m/nofp/crtbegin.o
LOAD /opt/st/stm32cubeide_1.8.0/plugins/com.st.stm32cube.ide.mcu.externaltools.gnu-tools-for-stm32.9-2020-q2-update.linux64_2.0.0.202105311346/tools/bin/../lib/gcc/arm-none-eabi/9.3.1/../../../../arm-none-eabi/lib/thumb/v7-m/nofp/crt0.o
LOAD ./Core/Src/main.o
LOAD ./Core/Src/stm32f1xx_hal_msp.o
LOAD ./Core/Src/stm32f1xx_it.o
LOAD ./Core/Src/syscalls.o
LOAD ./Core/Src/sysmem.o
LOAD ./Core/Src/system_stm32f1xx.o
LOAD ./Core/Startup/startup_stm32f102r8tx.o
LOAD ./Drivers/STM32F1xx_HAL_Driver/Src/stm32f1xx_hal.o
LOAD ./Drivers/STM32F1xx_HAL_Driver/Src/stm32f1xx_hal_cortex.o
LOAD ./Drivers/STM32F1xx_HAL_Driver/Src/stm32f1xx_hal_dma.o
LOAD ./Drivers/STM32F1xx_HAL_Driver/Src/stm32f1xx_hal_exti.o
LOAD ./Drivers/STM32F1xx_HAL_Driver/Src/stm32f1xx_hal_flash.o
LOAD ./Drivers/STM32F1xx_HAL_Driver/Src/stm32f1xx_hal_flash_ex.o
LOAD ./Drivers/STM32F1xx_HAL_Driver/Src/stm32f1xx_hal_gpio.o
LOAD ./Drivers/STM32F1xx_HAL_Driver/Src/stm32f1xx_hal_gpio_ex.o
LOAD ./Drivers/STM32F1xx_HAL_Driver/Src/stm32f1xx_hal_pcd.o
LOAD ./Drivers/STM32F1xx_HAL_Driver/Src/stm32f1xx_hal_pcd_ex.o
LOAD ./Drivers/STM32F1xx_HAL_Driver/Src/stm32f1xx_hal_pwr.o
LOAD ./Drivers/STM32F1xx_HAL_Driver/Src/stm32f1xx_hal_rcc.o
LOAD ./Drivers/STM32F1xx_HAL_Driver/Src/stm32f1xx_hal_rcc_ex.o
LOAD ./Drivers/STM32F1xx_HAL_Driver/Src/stm32f1xx_hal_spi.o
LOAD ./Drivers/STM32F1xx_HAL_Driver/Src/stm32f1xx_hal_tim.o
LOAD ./Drivers/STM32F1xx_HAL_Driver/Src/stm32f1xx_hal_tim_ex.o
LOAD ./Drivers/STM32F1xx_HAL_Driver/Src/stm32f1xx_ll_usb.o
LOAD ./Middlewares/ST/STM32_USB_Device_Library/Class/CustomHID/Src/usbd_customhid.o
LOAD ./Middlewares/ST/STM32_USB_Device_Library/Core/Src/usbd_core.o
LOAD ./Middlewares/ST/STM32_USB_Device_Library/Core/Src/usbd_ctlreq.o
LOAD ./Middlewares/ST/STM32_USB_Device_Library/Core/Src/usbd_ioreq.o
LOAD ./USB_DEVICE/App/usb_device.o
LOAD ./USB_DEVICE/App/usbd_custom_hid_if.o
LOAD ./USB_DEVICE/App/usbd_desc.o
LOAD ./USB_DEVICE/Target/usbd_conf.o
START GROUP
LOAD /opt/st/stm32cubeide_1.8.0/plugins/com.st.stm32cube.ide.mcu.externaltools.gnu-tools-for-stm32.9-2020-q2-update.linux64_2.0.0.202105311346/tools/bin/../lib/gcc/arm-none-eabi/9.3.1/../../../../arm-none-eabi/lib/thumb/v7-m/nofp/libc_nano.a
LOAD /opt/st/stm32cubeide_1.8.0/plugins/com.st.stm32cube.ide.mcu.externaltools.gnu-tools-for-stm32.9-2020-q2-update.linux64_2.0.0.202105311346/tools/bin/../lib/gcc/arm-none-eabi/9.3.1/../../../../arm-none-eabi/lib/thumb/v7-m/nofp/libm.a
END GROUP
START GROUP
LOAD /opt/st/stm32cubeide_1.8.0/plugins/com.st.stm32cube.ide.mcu.externaltools.gnu-tools-for-stm32.9-2020-q2-update.linux64_2.0.0.202105311346/tools/bin/../lib/gcc/arm-none-eabi/9.3.1/thumb/v7-m/nofp/libgcc.a
LOAD /opt/st/stm32cubeide_1.8.0/plugins/com.st.stm32cube.ide.mcu.externaltools.gnu-tools-for-stm32.9-2020-q2-update.linux64_2.0.0.202105311346/tools/bin/../lib/gcc/arm-none-eabi/9.3.1/../../../../arm-none-eabi/lib/thumb/v7-m/nofp/libc_nano.a
END GROUP
START GROUP
LOAD /opt/st/stm32cubeide_1.8.0/plugins/com.st.stm32cube.ide.mcu.externaltools.gnu-tools-for-stm32.9-2020-q2-update.linux64_2.0.0.202105311346/tools/bin/../lib/gcc/arm-none-eabi/9.3.1/thumb/v7-m/nofp/libgcc.a
LOAD /opt/st/stm32cubeide_1.8.0/plugins/com.st.stm32cube.ide.mcu.externaltools.gnu-tools-for-stm32.9-2020-q2-update.linux64_2.0.0.202105311346/tools/bin/../lib/gcc/arm-none-eabi/9.3.1/../../../../arm-none-eabi/lib/thumb/v7-m/nofp/libc_nano.a
LOAD /opt/st/stm32cubeide_1.8.0/plugins/com.st.stm32cube.ide.mcu.externaltools.gnu-tools-for-stm32.9-2020-q2-update.linux64_2.0.0.202105311346/tools/bin/../lib/gcc/arm-none-eabi/9.3.1/../../../../arm-none-eabi/lib/thumb/v7-m/nofp/libnosys.a
END GROUP
START GROUP
LOAD /opt/st/stm32cubeide_1.8.0/plugins/com.st.stm32cube.ide.mcu.externaltools.gnu-tools-for-stm32.9-2020-q2-update.linux64_2.0.0.202105311346/tools/bin/../lib/gcc/arm-none-eabi/9.3.1/thumb/v7-m/nofp/libgcc.a
LOAD /opt/st/stm32cubeide_1.8.0/plugins/com.st.stm32cube.ide.mcu.externaltools.gnu-tools-for-stm32.9-2020-q2-update.linux64_2.0.0.202105311346/tools/bin/../lib/gcc/arm-none-eabi/9.3.1/../../../../arm-none-eabi/lib/thumb/v7-m/nofp/libc_nano.a
LOAD /opt/st/stm32cubeide_1.8.0/plugins/com.st.stm32cube.ide.mcu.externaltools.gnu-tools-for-stm32.9-2020-q2-update.linux64_2.0.0.202105311346/tools/bin/../lib/gcc/arm-none-eabi/9.3.1/../../../../arm-none-eabi/lib/thumb/v7-m/nofp/libnosys.a
END GROUP
LOAD /opt/st/stm32cubeide_1.8.0/plugins/com.st.stm32cube.ide.mcu.externaltools.gnu-tools-for-stm32.9-2020-q2-update.linux64_2.0.0.202105311346/tools/bin/../lib/gcc/arm-none-eabi/9.3.1/thumb/v7-m/nofp/crtend.o
LOAD /opt/st/stm32cubeide_1.8.0/plugins/com.st.stm32cube.ide.mcu.externaltools.gnu-tools-for-stm32.9-2020-q2-update.linux64_2.0.0.202105311346/tools/bin/../lib/gcc/arm-none-eabi/9.3.1/thumb/v7-m/nofp/crtn.o
                0x0000000020002800                _estack = (ORIGIN (RAM) + LENGTH (RAM))
                0x0000000000000200                _Min_Heap_Size = 0x200
                0x0000000000000400                _Min_Stack_Size = 0x400

.isr_vector     0x0000000008000000      0x10c
                0x0000000008000000                . = ALIGN (0x4)
 *(.isr_vector)
 .isr_vector    0x0000000008000000      0x10c ./Core/Startup/startup_stm32f102r8tx.o
                0x0000000008000000                g_pfnVectors
                0x000000000800010c                . = ALIGN (0x4)

.text           0x000000000800010c     0x8920
                0x000000000800010c                . = ALIGN (0x4)
 *(.text)
 .text          0x000000000800010c       0x40 /opt/st/stm32cubeide_1.8.0/plugins/com.st.stm32cube.ide.mcu.externaltools.gnu-tools-for-stm32.9-2020-q2-update.linux64_2.0.0.202105311346/tools/bin/../lib/gcc/arm-none-eabi/9.3.1/thumb/v7-m/nofp/crtbegin.o
 *(.text*)
 .text.HAL_TIM_PeriodElapsedCallback
                0x000000000800014c       0x34 ./Core/Src/main.o
                0x000000000800014c                HAL_TIM_PeriodElapsedCallback
 .text.delay_us
                0x0000000008000180       0x38 ./Core/Src/main.o
                0x0000000008000180                delay_us
 .text.spi_write
                0x00000000080001b8       0x5c ./Core/Src/main.o
                0x00000000080001b8                spi_write
 .text.spi_read
                0x0000000008000214       0x5c ./Core/Src/main.o
                0x0000000008000214                spi_read
 .text.main     0x0000000008000270      0x144 ./Core/Src/main.o
                0x0000000008000270                main
 .text.SystemClock_Config
                0x00000000080003b4       0xb6 ./Core/Src/main.o
                0x00000000080003b4                SystemClock_Config
 *fill*         0x000000000800046a        0x2 
 .text.MX_SPI1_Init
                0x000000000800046c       0x6c ./Core/Src/main.o
 .text.MX_TIM4_Init
                0x00000000080004d8       0xe4 ./Core/Src/main.o
 .text.MX_GPIO_Init
                0x00000000080005bc       0xdc ./Core/Src/main.o
 .text.Error_Handler
                0x0000000008000698        0xa ./Core/Src/main.o
                0x0000000008000698                Error_Handler
 *fill*         0x00000000080006a2        0x2 
 .text.HAL_MspInit
                0x00000000080006a4       0x64 ./Core/Src/stm32f1xx_hal_msp.o
                0x00000000080006a4                HAL_MspInit
 .text.HAL_SPI_MspInit
                0x0000000008000708       0x94 ./Core/Src/stm32f1xx_hal_msp.o
                0x0000000008000708                HAL_SPI_MspInit
 .text.HAL_TIM_Base_MspInit
                0x000000000800079c       0x4c ./Core/Src/stm32f1xx_hal_msp.o
                0x000000000800079c                HAL_TIM_Base_MspInit
 .text.NMI_Handler
                0x00000000080007e8        0x6 ./Core/Src/stm32f1xx_it.o
                0x00000000080007e8                NMI_Handler
 .text.HardFault_Handler
                0x00000000080007ee        0x6 ./Core/Src/stm32f1xx_it.o
                0x00000000080007ee                HardFault_Handler
 .text.MemManage_Handler
                0x00000000080007f4        0x6 ./Core/Src/stm32f1xx_it.o
                0x00000000080007f4                MemManage_Handler
 .text.BusFault_Handler
                0x00000000080007fa        0x6 ./Core/Src/stm32f1xx_it.o
                0x00000000080007fa                BusFault_Handler
 .text.UsageFault_Handler
                0x0000000008000800        0x6 ./Core/Src/stm32f1xx_it.o
                0x0000000008000800                UsageFault_Handler
 .text.SVC_Handler
                0x0000000008000806        0xc ./Core/Src/stm32f1xx_it.o
                0x0000000008000806                SVC_Handler
 .text.DebugMon_Handler
                0x0000000008000812        0xc ./Core/Src/stm32f1xx_it.o
                0x0000000008000812                DebugMon_Handler
 .text.PendSV_Handler
                0x000000000800081e        0xc ./Core/Src/stm32f1xx_it.o
                0x000000000800081e                PendSV_Handler
 .text.SysTick_Handler
                0x000000000800082a        0xc ./Core/Src/stm32f1xx_it.o
                0x000000000800082a                SysTick_Handler
 *fill*         0x0000000008000836        0x2 
 .text.USB_HP_IRQHandler
                0x0000000008000838       0x14 ./Core/Src/stm32f1xx_it.o
                0x0000000008000838                USB_HP_IRQHandler
 .text.USB_LP_IRQHandler
                0x000000000800084c       0x14 ./Core/Src/stm32f1xx_it.o
                0x000000000800084c                USB_LP_IRQHandler
 .text.TIM4_IRQHandler
                0x0000000008000860       0x14 ./Core/Src/stm32f1xx_it.o
                0x0000000008000860                TIM4_IRQHandler
 .text.SystemInit
                0x0000000008000874        0xc ./Core/Src/system_stm32f1xx.o
                0x0000000008000874                SystemInit
 .text.Reset_Handler
                0x0000000008000880       0x48 ./Core/Startup/startup_stm32f102r8tx.o
                0x0000000008000880                Reset_Handler
 .text.Default_Handler
                0x00000000080008c8        0x2 ./Core/Startup/startup_stm32f102r8tx.o
                0x00000000080008c8                RTC_Alarm_IRQHandler
                0x00000000080008c8                EXTI2_IRQHandler
                0x00000000080008c8                PVD_IRQHandler
                0x00000000080008c8                EXTI3_IRQHandler
                0x00000000080008c8                EXTI0_IRQHandler
                0x00000000080008c8                I2C2_EV_IRQHandler
                0x00000000080008c8                SPI1_IRQHandler
                0x00000000080008c8                TAMPER_IRQHandler
                0x00000000080008c8                DMA1_Channel4_IRQHandler
                0x00000000080008c8                ADC1_IRQHandler
                0x00000000080008c8                USART3_IRQHandler
                0x00000000080008c8                RTC_IRQHandler
                0x00000000080008c8                DMA1_Channel7_IRQHandler
                0x00000000080008c8                I2C1_EV_IRQHandler
                0x00000000080008c8                DMA1_Channel6_IRQHandler
                0x00000000080008c8                TIM3_IRQHandler
                0x00000000080008c8                RCC_IRQHandler
                0x00000000080008c8                DMA1_Channel1_IRQHandler
                0x00000000080008c8                Default_Handler
                0x00000000080008c8                EXTI15_10_IRQHandler
                0x00000000080008c8                EXTI9_5_IRQHandler
                0x00000000080008c8                SPI2_IRQHandler
                0x00000000080008c8                DMA1_Channel5_IRQHandler
                0x00000000080008c8                EXTI4_IRQHandler
                0x00000000080008c8                DMA1_Channel3_IRQHandler
                0x00000000080008c8                WWDG_IRQHandler
                0x00000000080008c8                TIM2_IRQHandler
                0x00000000080008c8                EXTI1_IRQHandler
                0x00000000080008c8                USART2_IRQHandler
                0x00000000080008c8                I2C2_ER_IRQHandler
                0x00000000080008c8                DMA1_Channel2_IRQHandler
                0x00000000080008c8                FLASH_IRQHandler
                0x00000000080008c8                USART1_IRQHandler
                0x00000000080008c8                I2C1_ER_IRQHandler
                0x00000000080008c8                USBWakeUp_IRQHandler
 *fill*         0x00000000080008ca        0x2 
 .text.HAL_Init
                0x00000000080008cc       0x2c ./Drivers/STM32F1xx_HAL_Driver/Src/stm32f1xx_hal.o
                0x00000000080008cc                HAL_Init
 .text.HAL_InitTick
                0x00000000080008f8       0x60 ./Drivers/STM32F1xx_HAL_Driver/Src/stm32f1xx_hal.o
                0x00000000080008f8                HAL_InitTick
 .text.HAL_IncTick
                0x0000000008000958       0x24 ./Drivers/STM32F1xx_HAL_Driver/Src/stm32f1xx_hal.o
                0x0000000008000958                HAL_IncTick
 .text.HAL_GetTick
                0x000000000800097c       0x14 ./Drivers/STM32F1xx_HAL_Driver/Src/stm32f1xx_hal.o
                0x000000000800097c                HAL_GetTick
 .text.HAL_Delay
                0x0000000008000990       0x48 ./Drivers/STM32F1xx_HAL_Driver/Src/stm32f1xx_hal.o
                0x0000000008000990                HAL_Delay
 .text.__NVIC_SetPriorityGrouping
                0x00000000080009d8       0x48 ./Drivers/STM32F1xx_HAL_Driver/Src/stm32f1xx_hal_cortex.o
 .text.__NVIC_GetPriorityGrouping
                0x0000000008000a20       0x1c ./Drivers/STM32F1xx_HAL_Driver/Src/stm32f1xx_hal_cortex.o
 .text.__NVIC_EnableIRQ
                0x0000000008000a3c       0x38 ./Drivers/STM32F1xx_HAL_Driver/Src/stm32f1xx_hal_cortex.o
 .text.__NVIC_SetPriority
                0x0000000008000a74       0x54 ./Drivers/STM32F1xx_HAL_Driver/Src/stm32f1xx_hal_cortex.o
 .text.NVIC_EncodePriority
                0x0000000008000ac8       0x64 ./Drivers/STM32F1xx_HAL_Driver/Src/stm32f1xx_hal_cortex.o
 .text.SysTick_Config
                0x0000000008000b2c       0x44 ./Drivers/STM32F1xx_HAL_Driver/Src/stm32f1xx_hal_cortex.o
 .text.HAL_NVIC_SetPriorityGrouping
                0x0000000008000b70       0x16 ./Drivers/STM32F1xx_HAL_Driver/Src/stm32f1xx_hal_cortex.o
                0x0000000008000b70                HAL_NVIC_SetPriorityGrouping
 .text.HAL_NVIC_SetPriority
                0x0000000008000b86       0x38 ./Drivers/STM32F1xx_HAL_Driver/Src/stm32f1xx_hal_cortex.o
                0x0000000008000b86                HAL_NVIC_SetPriority
 .text.HAL_NVIC_EnableIRQ
                0x0000000008000bbe       0x1c ./Drivers/STM32F1xx_HAL_Driver/Src/stm32f1xx_hal_cortex.o
                0x0000000008000bbe                HAL_NVIC_EnableIRQ
 .text.HAL_SYSTICK_Config
                0x0000000008000bda       0x18 ./Drivers/STM32F1xx_HAL_Driver/Src/stm32f1xx_hal_cortex.o
                0x0000000008000bda                HAL_SYSTICK_Config
 *fill*         0x0000000008000bf2        0x2 
 .text.HAL_GPIO_Init
                0x0000000008000bf4      0x2f4 ./Drivers/STM32F1xx_HAL_Driver/Src/stm32f1xx_hal_gpio.o
                0x0000000008000bf4                HAL_GPIO_Init
 .text.HAL_GPIO_WritePin
                0x0000000008000ee8       0x30 ./Drivers/STM32F1xx_HAL_Driver/Src/stm32f1xx_hal_gpio.o
                0x0000000008000ee8                HAL_GPIO_WritePin
 .text.HAL_PCD_Init
                0x0000000008000f18      0x216 ./Drivers/STM32F1xx_HAL_Driver/Src/stm32f1xx_hal_pcd.o
                0x0000000008000f18                HAL_PCD_Init
 .text.HAL_PCD_Start
                0x000000000800112e       0x4c ./Drivers/STM32F1xx_HAL_Driver/Src/stm32f1xx_hal_pcd.o
                0x000000000800112e                HAL_PCD_Start
 .text.HAL_PCD_IRQHandler
                0x000000000800117a      0x2aa ./Drivers/STM32F1xx_HAL_Driver/Src/stm32f1xx_hal_pcd.o
                0x000000000800117a                HAL_PCD_IRQHandler
 .text.HAL_PCD_SetAddress
                0x0000000008001424       0x4a ./Drivers/STM32F1xx_HAL_Driver/Src/stm32f1xx_hal_pcd.o
                0x0000000008001424                HAL_PCD_SetAddress
 .text.HAL_PCD_EP_Open
                0x000000000800146e       0xcc ./Drivers/STM32F1xx_HAL_Driver/Src/stm32f1xx_hal_pcd.o
                0x000000000800146e                HAL_PCD_EP_Open
 .text.HAL_PCD_EP_Close
                0x000000000800153a       0x90 ./Drivers/STM32F1xx_HAL_Driver/Src/stm32f1xx_hal_pcd.o
                0x000000000800153a                HAL_PCD_EP_Close
 .text.HAL_PCD_EP_Receive
                0x00000000080015ca       0x7a ./Drivers/STM32F1xx_HAL_Driver/Src/stm32f1xx_hal_pcd.o
                0x00000000080015ca                HAL_PCD_EP_Receive
 .text.HAL_PCD_EP_Transmit
                0x0000000008001644       0x86 ./Drivers/STM32F1xx_HAL_Driver/Src/stm32f1xx_hal_pcd.o
                0x0000000008001644                HAL_PCD_EP_Transmit
 .text.HAL_PCD_EP_SetStall
                0x00000000080016ca       0xc0 ./Drivers/STM32F1xx_HAL_Driver/Src/stm32f1xx_hal_pcd.o
                0x00000000080016ca                HAL_PCD_EP_SetStall
 .text.HAL_PCD_EP_ClrStall
                0x000000000800178a       0xa8 ./Drivers/STM32F1xx_HAL_Driver/Src/stm32f1xx_hal_pcd.o
                0x000000000800178a                HAL_PCD_EP_ClrStall
 .text.PCD_EP_ISR_Handler
                0x0000000008001832      0x600 ./Drivers/STM32F1xx_HAL_Driver/Src/stm32f1xx_hal_pcd.o
 .text.HAL_PCD_EP_DB_Receive
                0x0000000008001e32      0x21a ./Drivers/STM32F1xx_HAL_Driver/Src/stm32f1xx_hal_pcd.o
 .text.HAL_PCD_EP_DB_Transmit
                0x000000000800204c      0x7a4 ./Drivers/STM32F1xx_HAL_Driver/Src/stm32f1xx_hal_pcd.o
 .text.HAL_PCDEx_PMAConfig
                0x00000000080027f0       0x84 ./Drivers/STM32F1xx_HAL_Driver/Src/stm32f1xx_hal_pcd_ex.o
                0x00000000080027f0                HAL_PCDEx_PMAConfig
 .text.HAL_RCC_OscConfig
                0x0000000008002874      0x500 ./Drivers/STM32F1xx_HAL_Driver/Src/stm32f1xx_hal_rcc.o
                0x0000000008002874                HAL_RCC_OscConfig
 .text.HAL_RCC_ClockConfig
                0x0000000008002d74      0x1d4 ./Drivers/STM32F1xx_HAL_Driver/Src/stm32f1xx_hal_rcc.o
                0x0000000008002d74                HAL_RCC_ClockConfig
 .text.HAL_RCC_GetSysClockFreq
                0x0000000008002f48       0xc0 ./Drivers/STM32F1xx_HAL_Driver/Src/stm32f1xx_hal_rcc.o
                0x0000000008002f48                HAL_RCC_GetSysClockFreq
 .text.RCC_Delay
                0x0000000008003008       0x3c ./Drivers/STM32F1xx_HAL_Driver/Src/stm32f1xx_hal_rcc.o
 .text.HAL_RCCEx_PeriphCLKConfig
                0x0000000008003044      0x16c ./Drivers/STM32F1xx_HAL_Driver/Src/stm32f1xx_hal_rcc_ex.o
                0x0000000008003044                HAL_RCCEx_PeriphCLKConfig
 .text.HAL_SPI_Init
                0x00000000080031b0      0x108 ./Drivers/STM32F1xx_HAL_Driver/Src/stm32f1xx_hal_spi.o
                0x00000000080031b0                HAL_SPI_Init
 .text.HAL_SPI_Transmit
                0x00000000080032b8      0x278 ./Drivers/STM32F1xx_HAL_Driver/Src/stm32f1xx_hal_spi.o
                0x00000000080032b8                HAL_SPI_Transmit
 .text.HAL_SPI_Receive
                0x0000000008003530      0x222 ./Drivers/STM32F1xx_HAL_Driver/Src/stm32f1xx_hal_spi.o
                0x0000000008003530                HAL_SPI_Receive
 .text.HAL_SPI_TransmitReceive
                0x0000000008003752      0x344 ./Drivers/STM32F1xx_HAL_Driver/Src/stm32f1xx_hal_spi.o
                0x0000000008003752                HAL_SPI_TransmitReceive
 *fill*         0x0000000008003a96        0x2 
 .text.SPI_WaitFlagStateUntilTimeout
                0x0000000008003a98      0x110 ./Drivers/STM32F1xx_HAL_Driver/Src/stm32f1xx_hal_spi.o
 .text.SPI_EndRxTransaction
                0x0000000008003ba8       0xa4 ./Drivers/STM32F1xx_HAL_Driver/Src/stm32f1xx_hal_spi.o
 .text.SPI_EndRxTxTransaction
                0x0000000008003c4c       0x3c ./Drivers/STM32F1xx_HAL_Driver/Src/stm32f1xx_hal_spi.o
 .text.HAL_TIM_Base_Init
                0x0000000008003c88       0x9e ./Drivers/STM32F1xx_HAL_Driver/Src/stm32f1xx_hal_tim.o
                0x0000000008003c88                HAL_TIM_Base_Init
 *fill*         0x0000000008003d26        0x2 
 .text.HAL_TIM_Base_Start_IT
                0x0000000008003d28       0x98 ./Drivers/STM32F1xx_HAL_Driver/Src/stm32f1xx_hal_tim.o
                0x0000000008003d28                HAL_TIM_Base_Start_IT
 .text.HAL_TIM_OC_Init
                0x0000000008003dc0       0x9e ./Drivers/STM32F1xx_HAL_Driver/Src/stm32f1xx_hal_tim.o
                0x0000000008003dc0                HAL_TIM_OC_Init
 .text.HAL_TIM_OC_MspInit
                0x0000000008003e5e       0x12 ./Drivers/STM32F1xx_HAL_Driver/Src/stm32f1xx_hal_tim.o
                0x0000000008003e5e                HAL_TIM_OC_MspInit
 .text.HAL_TIM_IRQHandler
                0x0000000008003e70      0x210 ./Drivers/STM32F1xx_HAL_Driver/Src/stm32f1xx_hal_tim.o
                0x0000000008003e70                HAL_TIM_IRQHandler
 .text.HAL_TIM_OC_ConfigChannel
                0x0000000008004080       0xb0 ./Drivers/STM32F1xx_HAL_Driver/Src/stm32f1xx_hal_tim.o
                0x0000000008004080                HAL_TIM_OC_ConfigChannel
 .text.HAL_TIM_ConfigClockSource
                0x0000000008004130      0x188 ./Drivers/STM32F1xx_HAL_Driver/Src/stm32f1xx_hal_tim.o
                0x0000000008004130                HAL_TIM_ConfigClockSource
 .text.HAL_TIM_OC_DelayElapsedCallback
                0x00000000080042b8       0x12 ./Drivers/STM32F1xx_HAL_Driver/Src/stm32f1xx_hal_tim.o
                0x00000000080042b8                HAL_TIM_OC_DelayElapsedCallback
 .text.HAL_TIM_IC_CaptureCallback
                0x00000000080042ca       0x12 ./Drivers/STM32F1xx_HAL_Driver/Src/stm32f1xx_hal_tim.o
                0x00000000080042ca                HAL_TIM_IC_CaptureCallback
 .text.HAL_TIM_PWM_PulseFinishedCallback
                0x00000000080042dc       0x12 ./Drivers/STM32F1xx_HAL_Driver/Src/stm32f1xx_hal_tim.o
                0x00000000080042dc                HAL_TIM_PWM_PulseFinishedCallback
 .text.HAL_TIM_TriggerCallback
                0x00000000080042ee       0x12 ./Drivers/STM32F1xx_HAL_Driver/Src/stm32f1xx_hal_tim.o
                0x00000000080042ee                HAL_TIM_TriggerCallback
 .text.TIM_Base_SetConfig
                0x0000000008004300       0xa0 ./Drivers/STM32F1xx_HAL_Driver/Src/stm32f1xx_hal_tim.o
                0x0000000008004300                TIM_Base_SetConfig
 .text.TIM_OC1_SetConfig
                0x00000000080043a0       0x78 ./Drivers/STM32F1xx_HAL_Driver/Src/stm32f1xx_hal_tim.o
 .text.TIM_OC2_SetConfig
                0x0000000008004418       0x7c ./Drivers/STM32F1xx_HAL_Driver/Src/stm32f1xx_hal_tim.o
                0x0000000008004418                TIM_OC2_SetConfig
 .text.TIM_OC3_SetConfig
                0x0000000008004494       0x7a ./Drivers/STM32F1xx_HAL_Driver/Src/stm32f1xx_hal_tim.o
 .text.TIM_OC4_SetConfig
                0x000000000800450e       0x7c ./Drivers/STM32F1xx_HAL_Driver/Src/stm32f1xx_hal_tim.o
 .text.TIM_TI1_ConfigInputStage
                0x000000000800458a       0x5c ./Drivers/STM32F1xx_HAL_Driver/Src/stm32f1xx_hal_tim.o
 .text.TIM_TI2_ConfigInputStage
                0x00000000080045e6       0x5e ./Drivers/STM32F1xx_HAL_Driver/Src/stm32f1xx_hal_tim.o
 .text.TIM_ITRx_SetConfig
                0x0000000008004644       0x34 ./Drivers/STM32F1xx_HAL_Driver/Src/stm32f1xx_hal_tim.o
 .text.TIM_ETR_SetConfig
                0x0000000008004678       0x3e ./Drivers/STM32F1xx_HAL_Driver/Src/stm32f1xx_hal_tim.o
                0x0000000008004678                TIM_ETR_SetConfig
 *fill*         0x00000000080046b6        0x2 
 .text.HAL_TIMEx_MasterConfigSynchronization
                0x00000000080046b8       0xb0 ./Drivers/STM32F1xx_HAL_Driver/Src/stm32f1xx_hal_tim_ex.o
                0x00000000080046b8                HAL_TIMEx_MasterConfigSynchronization
 .text.HAL_TIMEx_CommutCallback
                0x0000000008004768       0x12 ./Drivers/STM32F1xx_HAL_Driver/Src/stm32f1xx_hal_tim_ex.o
                0x0000000008004768                HAL_TIMEx_CommutCallback
 .text.HAL_TIMEx_BreakCallback
                0x000000000800477a       0x12 ./Drivers/STM32F1xx_HAL_Driver/Src/stm32f1xx_hal_tim_ex.o
                0x000000000800477a                HAL_TIMEx_BreakCallback
 .text.USB_CoreInit
                0x000000000800478c       0x20 ./Drivers/STM32F1xx_HAL_Driver/Src/stm32f1xx_ll_usb.o
                0x000000000800478c                USB_CoreInit
 .text.USB_EnableGlobalInt
                0x00000000080047ac       0x2c ./Drivers/STM32F1xx_HAL_Driver/Src/stm32f1xx_ll_usb.o
                0x00000000080047ac                USB_EnableGlobalInt
 .text.USB_DisableGlobalInt
                0x00000000080047d8       0x34 ./Drivers/STM32F1xx_HAL_Driver/Src/stm32f1xx_ll_usb.o
                0x00000000080047d8                USB_DisableGlobalInt
 .text.USB_SetCurrentMode
                0x000000000800480c       0x18 ./Drivers/STM32F1xx_HAL_Driver/Src/stm32f1xx_ll_usb.o
                0x000000000800480c                USB_SetCurrentMode
 .text.USB_DevInit
                0x0000000008004824       0x40 ./Drivers/STM32F1xx_HAL_Driver/Src/stm32f1xx_ll_usb.o
                0x0000000008004824                USB_DevInit
 .text.USB_ActivateEndpoint
                0x0000000008004864      0x6d4 ./Drivers/STM32F1xx_HAL_Driver/Src/stm32f1xx_ll_usb.o
                0x0000000008004864                USB_ActivateEndpoint
 .text.USB_DeactivateEndpoint
                0x0000000008004f38      0x3d8 ./Drivers/STM32F1xx_HAL_Driver/Src/stm32f1xx_ll_usb.o
                0x0000000008004f38                USB_DeactivateEndpoint
 .text.USB_EPStartXfer
                0x0000000008005310     0x15ee ./Drivers/STM32F1xx_HAL_Driver/Src/stm32f1xx_ll_usb.o
                0x0000000008005310                USB_EPStartXfer
 .text.USB_EPSetStall
                0x00000000080068fe       0xa0 ./Drivers/STM32F1xx_HAL_Driver/Src/stm32f1xx_ll_usb.o
                0x00000000080068fe                USB_EPSetStall
 .text.USB_EPClearStall
                0x000000000800699e      0x15a ./Drivers/STM32F1xx_HAL_Driver/Src/stm32f1xx_ll_usb.o
                0x000000000800699e                USB_EPClearStall
 .text.USB_SetDevAddress
                0x0000000008006af8       0x26 ./Drivers/STM32F1xx_HAL_Driver/Src/stm32f1xx_ll_usb.o
                0x0000000008006af8                USB_SetDevAddress
 .text.USB_DevConnect
                0x0000000008006b1e       0x14 ./Drivers/STM32F1xx_HAL_Driver/Src/stm32f1xx_ll_usb.o
                0x0000000008006b1e                USB_DevConnect
 .text.USB_DevDisconnect
                0x0000000008006b32       0x14 ./Drivers/STM32F1xx_HAL_Driver/Src/stm32f1xx_ll_usb.o
                0x0000000008006b32                USB_DevDisconnect
 .text.USB_ReadInterrupts
                0x0000000008006b46       0x1e ./Drivers/STM32F1xx_HAL_Driver/Src/stm32f1xx_ll_usb.o
                0x0000000008006b46                USB_ReadInterrupts
 .text.USB_EP0_OutStart
                0x0000000008006b64       0x16 ./Drivers/STM32F1xx_HAL_Driver/Src/stm32f1xx_ll_usb.o
                0x0000000008006b64                USB_EP0_OutStart
 .text.USB_WritePMA
                0x0000000008006b7a       0x8a ./Drivers/STM32F1xx_HAL_Driver/Src/stm32f1xx_ll_usb.o
                0x0000000008006b7a                USB_WritePMA
 .text.USB_ReadPMA
                0x0000000008006c04       0x9e ./Drivers/STM32F1xx_HAL_Driver/Src/stm32f1xx_ll_usb.o
                0x0000000008006c04                USB_ReadPMA
 *fill*         0x0000000008006ca2        0x2 
 .text.USBD_CUSTOM_HID_Init
                0x0000000008006ca4       0x88 ./Middlewares/ST/STM32_USB_Device_Library/Class/CustomHID/Src/usbd_customhid.o
 .text.USBD_CUSTOM_HID_DeInit
                0x0000000008006d2c       0x5c ./Middlewares/ST/STM32_USB_Device_Library/Class/CustomHID/Src/usbd_customhid.o
 .text.USBD_CUSTOM_HID_Setup
                0x0000000008006d88      0x1e0 ./Middlewares/ST/STM32_USB_Device_Library/Class/CustomHID/Src/usbd_customhid.o
 .text.USBD_CUSTOM_HID_SendReport
                0x0000000008006f68       0x4e ./Middlewares/ST/STM32_USB_Device_Library/Class/CustomHID/Src/usbd_customhid.o
                0x0000000008006f68                USBD_CUSTOM_HID_SendReport
 *fill*         0x0000000008006fb6        0x2 
 .text.USBD_CUSTOM_HID_GetFSCfgDesc
                0x0000000008006fb8       0x20 ./Middlewares/ST/STM32_USB_Device_Library/Class/CustomHID/Src/usbd_customhid.o
 .text.USBD_CUSTOM_HID_DataIn
                0x0000000008006fd8       0x24 ./Middlewares/ST/STM32_USB_Device_Library/Class/CustomHID/Src/usbd_customhid.o
 .text.USBD_CUSTOM_HID_DataOut
                0x0000000008006ffc       0x30 ./Middlewares/ST/STM32_USB_Device_Library/Class/CustomHID/Src/usbd_customhid.o
 .text.USBD_CUSTOM_HID_EP0_RxReady
                0x000000000800702c       0x30 ./Middlewares/ST/STM32_USB_Device_Library/Class/CustomHID/Src/usbd_customhid.o
 .text.USBD_CUSTOM_HID_GetDeviceQualifierDesc
                0x000000000800705c       0x20 ./Middlewares/ST/STM32_USB_Device_Library/Class/CustomHID/Src/usbd_customhid.o
 .text.USBD_CUSTOM_HID_RegisterInterface
                0x000000000800707c       0x2c ./Middlewares/ST/STM32_USB_Device_Library/Class/CustomHID/Src/usbd_customhid.o
                0x000000000800707c                USBD_CUSTOM_HID_RegisterInterface
 .text.USBD_Init
                0x00000000080070a8       0x56 ./Middlewares/ST/STM32_USB_Device_Library/Core/Src/usbd_core.o
                0x00000000080070a8                USBD_Init
 .text.USBD_RegisterClass
                0x00000000080070fe       0x32 ./Middlewares/ST/STM32_USB_Device_Library/Core/Src/usbd_core.o
                0x00000000080070fe                USBD_RegisterClass
 .text.USBD_Start
                0x0000000008007130       0x18 ./Middlewares/ST/STM32_USB_Device_Library/Core/Src/usbd_core.o
                0x0000000008007130                USBD_Start
 .text.USBD_RunTestMode
                0x0000000008007148       0x14 ./Middlewares/ST/STM32_USB_Device_Library/Core/Src/usbd_core.o
                0x0000000008007148                USBD_RunTestMode
 .text.USBD_SetClassConfig
                0x000000000800715c       0x3e ./Middlewares/ST/STM32_USB_Device_Library/Core/Src/usbd_core.o
                0x000000000800715c                USBD_SetClassConfig
 .text.USBD_ClrClassConfig
                0x000000000800719a       0x26 ./Middlewares/ST/STM32_USB_Device_Library/Core/Src/usbd_core.o
                0x000000000800719a                USBD_ClrClassConfig
 .text.USBD_LL_SetupStage
                0x00000000080071c0       0x9a ./Middlewares/ST/STM32_USB_Device_Library/Core/Src/usbd_core.o
                0x00000000080071c0                USBD_LL_SetupStage
 .text.USBD_LL_DataOutStage
                0x000000000800725a       0xe2 ./Middlewares/ST/STM32_USB_Device_Library/Core/Src/usbd_core.o
                0x000000000800725a                USBD_LL_DataOutStage
 .text.USBD_LL_DataInStage
                0x000000000800733c      0x14a ./Middlewares/ST/STM32_USB_Device_Library/Core/Src/usbd_core.o
                0x000000000800733c                USBD_LL_DataInStage
 .text.USBD_LL_Reset
                0x0000000008007486       0x82 ./Middlewares/ST/STM32_USB_Device_Library/Core/Src/usbd_core.o
                0x0000000008007486                USBD_LL_Reset
 .text.USBD_LL_SetSpeed
                0x0000000008007508       0x1e ./Middlewares/ST/STM32_USB_Device_Library/Core/Src/usbd_core.o
                0x0000000008007508                USBD_LL_SetSpeed
 .text.USBD_LL_Suspend
                0x0000000008007526       0x28 ./Middlewares/ST/STM32_USB_Device_Library/Core/Src/usbd_core.o
                0x0000000008007526                USBD_LL_Suspend
 .text.USBD_LL_Resume
                0x000000000800754e       0x2a ./Middlewares/ST/STM32_USB_Device_Library/Core/Src/usbd_core.o
                0x000000000800754e                USBD_LL_Resume
 .text.USBD_LL_SOF
                0x0000000008007578       0x34 ./Middlewares/ST/STM32_USB_Device_Library/Core/Src/usbd_core.o
                0x0000000008007578                USBD_LL_SOF
 .text.USBD_StdDevReq
                0x00000000080075ac       0xd4 ./Middlewares/ST/STM32_USB_Device_Library/Core/Src/usbd_ctlreq.o
                0x00000000080075ac                USBD_StdDevReq
 .text.USBD_StdItfReq
                0x0000000008007680       0x90 ./Middlewares/ST/STM32_USB_Device_Library/Core/Src/usbd_ctlreq.o
                0x0000000008007680                USBD_StdItfReq
 .text.USBD_StdEPReq
                0x0000000008007710      0x2c6 ./Middlewares/ST/STM32_USB_Device_Library/Core/Src/usbd_ctlreq.o
                0x0000000008007710                USBD_StdEPReq
 *fill*         0x00000000080079d6        0x2 
 .text.USBD_GetDescriptor
                0x00000000080079d8      0x2d0 ./Middlewares/ST/STM32_USB_Device_Library/Core/Src/usbd_ctlreq.o
 .text.USBD_SetAddress
                0x0000000008007ca8       0x86 ./Middlewares/ST/STM32_USB_Device_Library/Core/Src/usbd_ctlreq.o
 *fill*         0x0000000008007d2e        0x2 
 .text.USBD_SetConfig
                0x0000000008007d30      0x11c ./Middlewares/ST/STM32_USB_Device_Library/Core/Src/usbd_ctlreq.o
 .text.USBD_GetConfig
                0x0000000008007e4c       0x6a ./Middlewares/ST/STM32_USB_Device_Library/Core/Src/usbd_ctlreq.o
 .text.USBD_GetStatus
                0x0000000008007eb6       0x66 ./Middlewares/ST/STM32_USB_Device_Library/Core/Src/usbd_ctlreq.o
 .text.USBD_SetFeature
                0x0000000008007f1c       0x28 ./Middlewares/ST/STM32_USB_Device_Library/Core/Src/usbd_ctlreq.o
 .text.USBD_ClrFeature
                0x0000000008007f44       0x42 ./Middlewares/ST/STM32_USB_Device_Library/Core/Src/usbd_ctlreq.o
 .text.USBD_ParseSetupRequest
                0x0000000008007f86       0x78 ./Middlewares/ST/STM32_USB_Device_Library/Core/Src/usbd_ctlreq.o
                0x0000000008007f86                USBD_ParseSetupRequest
 .text.USBD_CtlError
                0x0000000008007ffe       0x22 ./Middlewares/ST/STM32_USB_Device_Library/Core/Src/usbd_ctlreq.o
                0x0000000008007ffe                USBD_CtlError
 .text.USBD_GetString
                0x0000000008008020       0x84 ./Middlewares/ST/STM32_USB_Device_Library/Core/Src/usbd_ctlreq.o
                0x0000000008008020                USBD_GetString
 .text.USBD_GetLen
                0x00000000080080a4       0x2e ./Middlewares/ST/STM32_USB_Device_Library/Core/Src/usbd_ctlreq.o
 .text.USBD_CtlSendData
                0x00000000080080d2       0x38 ./Middlewares/ST/STM32_USB_Device_Library/Core/Src/usbd_ioreq.o
                0x00000000080080d2                USBD_CtlSendData
 .text.USBD_CtlContinueSendData
                0x000000000800810a       0x24 ./Middlewares/ST/STM32_USB_Device_Library/Core/Src/usbd_ioreq.o
                0x000000000800810a                USBD_CtlContinueSendData
 .text.USBD_CtlPrepareRx
                0x000000000800812e       0x3c ./Middlewares/ST/STM32_USB_Device_Library/Core/Src/usbd_ioreq.o
                0x000000000800812e                USBD_CtlPrepareRx
 .text.USBD_CtlContinueRx
                0x000000000800816a       0x24 ./Middlewares/ST/STM32_USB_Device_Library/Core/Src/usbd_ioreq.o
                0x000000000800816a                USBD_CtlContinueRx
 .text.USBD_CtlSendStatus
                0x000000000800818e       0x26 ./Middlewares/ST/STM32_USB_Device_Library/Core/Src/usbd_ioreq.o
                0x000000000800818e                USBD_CtlSendStatus
 .text.USBD_CtlReceiveStatus
                0x00000000080081b4       0x26 ./Middlewares/ST/STM32_USB_Device_Library/Core/Src/usbd_ioreq.o
                0x00000000080081b4                USBD_CtlReceiveStatus
 *fill*         0x00000000080081da        0x2 
 .text.MX_USB_DEVICE_Init
                0x00000000080081dc       0x60 ./USB_DEVICE/App/usb_device.o
                0x00000000080081dc                MX_USB_DEVICE_Init
 .text.CUSTOM_HID_Init_FS
                0x000000000800823c        0xe ./USB_DEVICE/App/usbd_custom_hid_if.o
 .text.CUSTOM_HID_DeInit_FS
                0x000000000800824a        0xe ./USB_DEVICE/App/usbd_custom_hid_if.o
 .text.CUSTOM_HID_OutEvent_FS
                0x0000000008008258       0x1c ./USB_DEVICE/App/usbd_custom_hid_if.o
 .text.USBD_FS_DeviceDescriptor
                0x0000000008008274       0x24 ./USB_DEVICE/App/usbd_desc.o
                0x0000000008008274                USBD_FS_DeviceDescriptor
 .text.USBD_FS_LangIDStrDescriptor
                0x0000000008008298       0x24 ./USB_DEVICE/App/usbd_desc.o
                0x0000000008008298                USBD_FS_LangIDStrDescriptor
 .text.USBD_FS_ProductStrDescriptor
                0x00000000080082bc       0x3c ./USB_DEVICE/App/usbd_desc.o
                0x00000000080082bc                USBD_FS_ProductStrDescriptor
 .text.USBD_FS_ManufacturerStrDescriptor
                0x00000000080082f8       0x28 ./USB_DEVICE/App/usbd_desc.o
                0x00000000080082f8                USBD_FS_ManufacturerStrDescriptor
 .text.USBD_FS_SerialStrDescriptor
                0x0000000008008320       0x24 ./USB_DEVICE/App/usbd_desc.o
                0x0000000008008320                USBD_FS_SerialStrDescriptor
 .text.USBD_FS_ConfigStrDescriptor
                0x0000000008008344       0x3c ./USB_DEVICE/App/usbd_desc.o
                0x0000000008008344                USBD_FS_ConfigStrDescriptor
 .text.USBD_FS_InterfaceStrDescriptor
                0x0000000008008380       0x3c ./USB_DEVICE/App/usbd_desc.o
                0x0000000008008380                USBD_FS_InterfaceStrDescriptor
 .text.Get_SerialNum
                0x00000000080083bc       0x58 ./USB_DEVICE/App/usbd_desc.o
 .text.IntToUnicode
                0x0000000008008414       0x7c ./USB_DEVICE/App/usbd_desc.o
 .text.HAL_PCD_MspInit
                0x0000000008008490       0x5c ./USB_DEVICE/Target/usbd_conf.o
                0x0000000008008490                HAL_PCD_MspInit
 .text.HAL_PCD_SetupStageCallback
                0x00000000080084ec       0x24 ./USB_DEVICE/Target/usbd_conf.o
                0x00000000080084ec                HAL_PCD_SetupStageCallback
 .text.HAL_PCD_DataOutStageCallback
                0x0000000008008510       0x36 ./USB_DEVICE/Target/usbd_conf.o
                0x0000000008008510                HAL_PCD_DataOutStageCallback
 .text.HAL_PCD_DataInStageCallback
                0x0000000008008546       0x34 ./USB_DEVICE/Target/usbd_conf.o
                0x0000000008008546                HAL_PCD_DataInStageCallback
 .text.HAL_PCD_SOFCallback
                0x000000000800857a       0x1c ./USB_DEVICE/Target/usbd_conf.o
                0x000000000800857a                HAL_PCD_SOFCallback
 .text.HAL_PCD_ResetCallback
                0x0000000008008596       0x3c ./USB_DEVICE/Target/usbd_conf.o
                0x0000000008008596                HAL_PCD_ResetCallback
 *fill*         0x00000000080085d2        0x2 
 .text.HAL_PCD_SuspendCallback
                0x00000000080085d4       0x34 ./USB_DEVICE/Target/usbd_conf.o
                0x00000000080085d4                HAL_PCD_SuspendCallback
 .text.HAL_PCD_ResumeCallback
                0x0000000008008608       0x1c ./USB_DEVICE/Target/usbd_conf.o
                0x0000000008008608                HAL_PCD_ResumeCallback
 .text.USBD_LL_Init
                0x0000000008008624       0xa0 ./USB_DEVICE/Target/usbd_conf.o
                0x0000000008008624                USBD_LL_Init
 .text.USBD_LL_Start
                0x00000000080086c4       0x36 ./USB_DEVICE/Target/usbd_conf.o
                0x00000000080086c4                USBD_LL_Start
 .text.USBD_LL_OpenEP
                0x00000000080086fa       0x4c ./USB_DEVICE/Target/usbd_conf.o
                0x00000000080086fa                USBD_LL_OpenEP
 .text.USBD_LL_CloseEP
                0x0000000008008746       0x3e ./USB_DEVICE/Target/usbd_conf.o
                0x0000000008008746                USBD_LL_CloseEP
 .text.USBD_LL_StallEP
                0x0000000008008784       0x3e ./USB_DEVICE/Target/usbd_conf.o
                0x0000000008008784                USBD_LL_StallEP
 .text.USBD_LL_ClearStallEP
                0x00000000080087c2       0x3e ./USB_DEVICE/Target/usbd_conf.o
                0x00000000080087c2                USBD_LL_ClearStallEP
 .text.USBD_LL_IsStallEP
                0x0000000008008800       0x58 ./USB_DEVICE/Target/usbd_conf.o
                0x0000000008008800                USBD_LL_IsStallEP
 .text.USBD_LL_SetUSBAddress
                0x0000000008008858       0x3e ./USB_DEVICE/Target/usbd_conf.o
                0x0000000008008858                USBD_LL_SetUSBAddress
 .text.USBD_LL_Transmit
                0x0000000008008896       0x46 ./USB_DEVICE/Target/usbd_conf.o
                0x0000000008008896                USBD_LL_Transmit
 .text.USBD_LL_PrepareReceive
                0x00000000080088dc       0x46 ./USB_DEVICE/Target/usbd_conf.o
                0x00000000080088dc                USBD_LL_PrepareReceive
 *fill*         0x0000000008008922        0x2 
 .text.USBD_static_malloc
                0x0000000008008924       0x18 ./USB_DEVICE/Target/usbd_conf.o
                0x0000000008008924                USBD_static_malloc
 .text.USBD_static_free
                0x000000000800893c       0x12 ./USB_DEVICE/Target/usbd_conf.o
                0x000000000800893c                USBD_static_free
 .text.HAL_PCDEx_SetConnectionState
                0x000000000800894e       0x16 ./USB_DEVICE/Target/usbd_conf.o
                0x000000000800894e                HAL_PCDEx_SetConnectionState
 .text.USBD_Get_USB_Status
                0x0000000008008964       0x58 ./USB_DEVICE/Target/usbd_conf.o
 .text.__libc_init_array
                0x00000000080089bc       0x48 /opt/st/stm32cubeide_1.8.0/plugins/com.st.stm32cube.ide.mcu.externaltools.gnu-tools-for-stm32.9-2020-q2-update.linux64_2.0.0.202105311346/tools/bin/../lib/gcc/arm-none-eabi/9.3.1/../../../../arm-none-eabi/lib/thumb/v7-m/nofp/libc_nano.a(lib_a-init.o)
                0x00000000080089bc                __libc_init_array
 .text.memset   0x0000000008008a04       0x10 /opt/st/stm32cubeide_1.8.0/plugins/com.st.stm32cube.ide.mcu.externaltools.gnu-tools-for-stm32.9-2020-q2-update.linux64_2.0.0.202105311346/tools/bin/../lib/gcc/arm-none-eabi/9.3.1/../../../../arm-none-eabi/lib/thumb/v7-m/nofp/libc_nano.a(lib_a-memset.o)
                0x0000000008008a04                memset
 *(.glue_7)
 .glue_7        0x0000000008008a14        0x0 linker stubs
 *(.glue_7t)
 .glue_7t       0x0000000008008a14        0x0 linker stubs
 *(.eh_frame)
 .eh_frame      0x0000000008008a14        0x0 /opt/st/stm32cubeide_1.8.0/plugins/com.st.stm32cube.ide.mcu.externaltools.gnu-tools-for-stm32.9-2020-q2-update.linux64_2.0.0.202105311346/tools/bin/../lib/gcc/arm-none-eabi/9.3.1/thumb/v7-m/nofp/crtbegin.o
 *(.init)
 .init          0x0000000008008a14        0x4 /opt/st/stm32cubeide_1.8.0/plugins/com.st.stm32cube.ide.mcu.externaltools.gnu-tools-for-stm32.9-2020-q2-update.linux64_2.0.0.202105311346/tools/bin/../lib/gcc/arm-none-eabi/9.3.1/thumb/v7-m/nofp/crti.o
                0x0000000008008a14                _init
 .init          0x0000000008008a18        0x8 /opt/st/stm32cubeide_1.8.0/plugins/com.st.stm32cube.ide.mcu.externaltools.gnu-tools-for-stm32.9-2020-q2-update.linux64_2.0.0.202105311346/tools/bin/../lib/gcc/arm-none-eabi/9.3.1/thumb/v7-m/nofp/crtn.o
 *(.fini)
 .fini          0x0000000008008a20        0x4 /opt/st/stm32cubeide_1.8.0/plugins/com.st.stm32cube.ide.mcu.externaltools.gnu-tools-for-stm32.9-2020-q2-update.linux64_2.0.0.202105311346/tools/bin/../lib/gcc/arm-none-eabi/9.3.1/thumb/v7-m/nofp/crti.o
                0x0000000008008a20                _fini
 .fini          0x0000000008008a24        0x8 /opt/st/stm32cubeide_1.8.0/plugins/com.st.stm32cube.ide.mcu.externaltools.gnu-tools-for-stm32.9-2020-q2-update.linux64_2.0.0.202105311346/tools/bin/../lib/gcc/arm-none-eabi/9.3.1/thumb/v7-m/nofp/crtn.o
                0x0000000008008a2c                . = ALIGN (0x4)
                0x0000000008008a2c                _etext = .

.vfp11_veneer   0x0000000008008a2c        0x0
 .vfp11_veneer  0x0000000008008a2c        0x0 linker stubs

.v4_bx          0x0000000008008a2c        0x0
 .v4_bx         0x0000000008008a2c        0x0 linker stubs

.iplt           0x0000000008008a2c        0x0
 .iplt          0x0000000008008a2c        0x0 /opt/st/stm32cubeide_1.8.0/plugins/com.st.stm32cube.ide.mcu.externaltools.gnu-tools-for-stm32.9-2020-q2-update.linux64_2.0.0.202105311346/tools/bin/../lib/gcc/arm-none-eabi/9.3.1/thumb/v7-m/nofp/crtbegin.o

.rodata         0x0000000008008a2c       0x80
                0x0000000008008a2c                . = ALIGN (0x4)
 *(.rodata)
 .rodata        0x0000000008008a2c       0x10 ./Drivers/STM32F1xx_HAL_Driver/Src/stm32f1xx_hal_rcc.o
 .rodata        0x0000000008008a3c       0x5d ./USB_DEVICE/App/usbd_desc.o
 *(.rodata*)
 *fill*         0x0000000008008a99        0x3 
 .rodata.AHBPrescTable
                0x0000000008008a9c       0x10 ./Core/Src/system_stm32f1xx.o
                0x0000000008008a9c                AHBPrescTable
                0x0000000008008aac                . = ALIGN (0x4)

.rel.dyn        0x0000000008008aac        0x0
 .rel.iplt      0x0000000008008aac        0x0 /opt/st/stm32cubeide_1.8.0/plugins/com.st.stm32cube.ide.mcu.externaltools.gnu-tools-for-stm32.9-2020-q2-update.linux64_2.0.0.202105311346/tools/bin/../lib/gcc/arm-none-eabi/9.3.1/thumb/v7-m/nofp/crtbegin.o

.ARM.extab      0x0000000008008aac        0x0
                0x0000000008008aac                . = ALIGN (0x4)
 *(.ARM.extab* .gnu.linkonce.armextab.*)
                0x0000000008008aac                . = ALIGN (0x4)

.ARM            0x0000000008008aac        0x0
                0x0000000008008aac                . = ALIGN (0x4)
                0x0000000008008aac                __exidx_start = .
 *(.ARM.exidx*)
                0x0000000008008aac                __exidx_end = .
                0x0000000008008aac                . = ALIGN (0x4)

.preinit_array  0x0000000008008aac        0x0
                0x0000000008008aac                . = ALIGN (0x4)
                0x0000000008008aac                PROVIDE (__preinit_array_start = .)
 *(.preinit_array*)
                0x0000000008008aac                PROVIDE (__preinit_array_end = .)
                0x0000000008008aac                . = ALIGN (0x4)

.init_array     0x0000000008008aac        0x4
                0x0000000008008aac                . = ALIGN (0x4)
                0x0000000008008aac                PROVIDE (__init_array_start = .)
 *(SORT_BY_NAME(.init_array.*))
 *(.init_array*)
 .init_array    0x0000000008008aac        0x4 /opt/st/stm32cubeide_1.8.0/plugins/com.st.stm32cube.ide.mcu.externaltools.gnu-tools-for-stm32.9-2020-q2-update.linux64_2.0.0.202105311346/tools/bin/../lib/gcc/arm-none-eabi/9.3.1/thumb/v7-m/nofp/crtbegin.o
                0x0000000008008ab0                PROVIDE (__init_array_end = .)
                0x0000000008008ab0                . = ALIGN (0x4)

.fini_array     0x0000000008008ab0        0x4
                0x0000000008008ab0                . = ALIGN (0x4)
                [!provide]                        PROVIDE (__fini_array_start = .)
 *(SORT_BY_NAME(.fini_array.*))
 *(.fini_array*)
 .fini_array    0x0000000008008ab0        0x4 /opt/st/stm32cubeide_1.8.0/plugins/com.st.stm32cube.ide.mcu.externaltools.gnu-tools-for-stm32.9-2020-q2-update.linux64_2.0.0.202105311346/tools/bin/../lib/gcc/arm-none-eabi/9.3.1/thumb/v7-m/nofp/crtbegin.o
                [!provide]                        PROVIDE (__fini_array_end = .)
                0x0000000008008ab4                . = ALIGN (0x4)
                0x0000000008008ab4                _sidata = LOADADDR (.data)

.data           0x0000000020000000      0x110 load address 0x0000000008008ab4
                0x0000000020000000                . = ALIGN (0x4)
                0x0000000020000000                _sdata = .
 *(.data)
 *(.data*)
 .data.SystemCoreClock
                0x0000000020000000        0x4 ./Core/Src/system_stm32f1xx.o
                0x0000000020000000                SystemCoreClock
 .data.uwTickPrio
                0x0000000020000004        0x4 ./Drivers/STM32F1xx_HAL_Driver/Src/stm32f1xx_hal.o
                0x0000000020000004                uwTickPrio
 .data.uwTickFreq
                0x0000000020000008        0x1 ./Drivers/STM32F1xx_HAL_Driver/Src/stm32f1xx_hal.o
                0x0000000020000008                uwTickFreq
 *fill*         0x0000000020000009        0x3 
 .data.USBD_CUSTOM_HID
                0x000000002000000c       0x38 ./Middlewares/ST/STM32_USB_Device_Library/Class/CustomHID/Src/usbd_customhid.o
                0x000000002000000c                USBD_CUSTOM_HID
 .data.USBD_CUSTOM_HID_CfgFSDesc
                0x0000000020000044       0x20 ./Middlewares/ST/STM32_USB_Device_Library/Class/CustomHID/Src/usbd_customhid.o
 .data.USBD_CUSTOM_HID_DeviceQualifierDesc
                0x0000000020000064        0xa ./Middlewares/ST/STM32_USB_Device_Library/Class/CustomHID/Src/usbd_customhid.o
 *fill*         0x000000002000006e        0x2 
 .data.CUSTOM_HID_ReportDesc_FS
                0x0000000020000070       0x40 ./USB_DEVICE/App/usbd_custom_hid_if.o
 .data.USBD_CustomHID_fops_FS
                0x00000000200000b0       0x10 ./USB_DEVICE/App/usbd_custom_hid_if.o
                0x00000000200000b0                USBD_CustomHID_fops_FS
 .data.FS_Desc  0x00000000200000c0       0x1c ./USB_DEVICE/App/usbd_desc.o
                0x00000000200000c0                FS_Desc
 .data.USBD_FS_DeviceDesc
                0x00000000200000dc       0x12 ./USB_DEVICE/App/usbd_desc.o
                0x00000000200000dc                USBD_FS_DeviceDesc
 *fill*         0x00000000200000ee        0x2 
 .data.USBD_LangIDDesc
                0x00000000200000f0        0x4 ./USB_DEVICE/App/usbd_desc.o
                0x00000000200000f0                USBD_LangIDDesc
 .data.USBD_StringSerial
                0x00000000200000f4       0x1a ./USB_DEVICE/App/usbd_desc.o
                0x00000000200000f4                USBD_StringSerial
 *(.RamFunc)
 *(.RamFunc*)
                0x0000000020000110                . = ALIGN (0x4)
 *fill*         0x000000002000010e        0x2 
                0x0000000020000110                _edata = .

.igot.plt       0x0000000020000110        0x0 load address 0x0000000008008bc4
 .igot.plt      0x0000000020000110        0x0 /opt/st/stm32cubeide_1.8.0/plugins/com.st.stm32cube.ide.mcu.externaltools.gnu-tools-for-stm32.9-2020-q2-update.linux64_2.0.0.202105311346/tools/bin/../lib/gcc/arm-none-eabi/9.3.1/thumb/v7-m/nofp/crtbegin.o
                0x0000000020000110                . = ALIGN (0x4)

.bss            0x0000000020000110      0x95c load address 0x0000000008008bc4
                0x0000000020000110                _sbss = .
                0x0000000020000110                __bss_start__ = _sbss
 *(.bss)
 .bss           0x0000000020000110       0x1c /opt/st/stm32cubeide_1.8.0/plugins/com.st.stm32cube.ide.mcu.externaltools.gnu-tools-for-stm32.9-2020-q2-update.linux64_2.0.0.202105311346/tools/bin/../lib/gcc/arm-none-eabi/9.3.1/thumb/v7-m/nofp/crtbegin.o
 *(.bss*)
 .bss.cfgidx.8310
                0x000000002000012c        0x1 ./Middlewares/ST/STM32_USB_Device_Library/Core/Src/usbd_ctlreq.o
 *fill*         0x000000002000012d        0x3 
 .bss.mem.8365  0x0000000020000130       0x58 ./USB_DEVICE/Target/usbd_conf.o
 *(COMMON)
 COMMON         0x0000000020000188      0x130 ./Core/Src/main.o
                0x0000000020000188                tmp
                0x000000002000018c                usb_rx_buffer
                0x00000000200001cc                htim4
                0x0000000020000214                usb_rx_ready
                0x0000000020000218                frame
                0x000000002000021c                hspi1
                0x0000000020000274                us_tick
                0x0000000020000278                usb_tx_buffer
 COMMON         0x00000000200002b8        0x4 ./Drivers/STM32F1xx_HAL_Driver/Src/stm32f1xx_hal.o
                0x00000000200002b8                uwTick
 COMMON         0x00000000200002bc      0x2c4 ./USB_DEVICE/App/usb_device.o
                0x00000000200002bc                hUsbDeviceFS
 COMMON         0x0000000020000580      0x200 ./USB_DEVICE/App/usbd_desc.o
                0x0000000020000580                USBD_StrDesc
 COMMON         0x0000000020000780      0x2ec ./USB_DEVICE/Target/usbd_conf.o
                0x0000000020000780                hpcd_USB_FS
                0x0000000020000a6c                . = ALIGN (0x4)
                0x0000000020000a6c                _ebss = .
                0x0000000020000a6c                __bss_end__ = _ebss

._user_heap_stack
                0x0000000020000a6c      0x604 load address 0x0000000008008bc4
                0x0000000020000a70                . = ALIGN (0x8)
 *fill*         0x0000000020000a6c        0x4 
                [!provide]                        PROVIDE (end = .)
                0x0000000020000a70                PROVIDE (_end = .)
                0x0000000020000c70                . = (. + _Min_Heap_Size)
 *fill*         0x0000000020000a70      0x200 
                0x0000000020001070                . = (. + _Min_Stack_Size)
 *fill*         0x0000000020000c70      0x400 
                0x0000000020001070                . = ALIGN (0x8)

/DISCARD/
 libc.a(*)
 libm.a(*)
 libgcc.a(*)

.ARM.attributes
                0x0000000000000000       0x29
 *(.ARM.attributes)
 .ARM.attributes
                0x0000000000000000       0x1d /opt/st/stm32cubeide_1.8.0/plugins/com.st.stm32cube.ide.mcu.externaltools.gnu-tools-for-stm32.9-2020-q2-update.linux64_2.0.0.202105311346/tools/bin/../lib/gcc/arm-none-eabi/9.3.1/thumb/v7-m/nofp/crti.o
 .ARM.attributes
                0x000000000000001d       0x2d /opt/st/stm32cubeide_1.8.0/plugins/com.st.stm32cube.ide.mcu.externaltools.gnu-tools-for-stm32.9-2020-q2-update.linux64_2.0.0.202105311346/tools/bin/../lib/gcc/arm-none-eabi/9.3.1/thumb/v7-m/nofp/crtbegin.o
 .ARM.attributes
                0x000000000000004a       0x2d ./Core/Src/main.o
 .ARM.attributes
                0x0000000000000077       0x2d ./Core/Src/stm32f1xx_hal_msp.o
 .ARM.attributes
                0x00000000000000a4       0x2d ./Core/Src/stm32f1xx_it.o
 .ARM.attributes
                0x00000000000000d1       0x2d ./Core/Src/system_stm32f1xx.o
 .ARM.attributes
                0x00000000000000fe       0x21 ./Core/Startup/startup_stm32f102r8tx.o
 .ARM.attributes
                0x000000000000011f       0x2d ./Drivers/STM32F1xx_HAL_Driver/Src/stm32f1xx_hal.o
 .ARM.attributes
                0x000000000000014c       0x2d ./Drivers/STM32F1xx_HAL_Driver/Src/stm32f1xx_hal_cortex.o
 .ARM.attributes
                0x0000000000000179       0x2d ./Drivers/STM32F1xx_HAL_Driver/Src/stm32f1xx_hal_gpio.o
 .ARM.attributes
                0x00000000000001a6       0x2d ./Drivers/STM32F1xx_HAL_Driver/Src/stm32f1xx_hal_pcd.o
 .ARM.attributes
                0x00000000000001d3       0x2d ./Drivers/STM32F1xx_HAL_Driver/Src/stm32f1xx_hal_pcd_ex.o
 .ARM.attributes
                0x0000000000000200       0x2d ./Drivers/STM32F1xx_HAL_Driver/Src/stm32f1xx_hal_rcc.o
 .ARM.attributes
                0x000000000000022d       0x2d ./Drivers/STM32F1xx_HAL_Driver/Src/stm32f1xx_hal_rcc_ex.o
 .ARM.attributes
                0x000000000000025a       0x2d ./Drivers/STM32F1xx_HAL_Driver/Src/stm32f1xx_hal_spi.o
 .ARM.attributes
                0x0000000000000287       0x2d ./Drivers/STM32F1xx_HAL_Driver/Src/stm32f1xx_hal_tim.o
 .ARM.attributes
                0x00000000000002b4       0x2d ./Drivers/STM32F1xx_HAL_Driver/Src/stm32f1xx_hal_tim_ex.o
 .ARM.attributes
                0x00000000000002e1       0x2d ./Drivers/STM32F1xx_HAL_Driver/Src/stm32f1xx_ll_usb.o
 .ARM.attributes
                0x000000000000030e       0x2d ./Middlewares/ST/STM32_USB_Device_Library/Class/CustomHID/Src/usbd_customhid.o
 .ARM.attributes
                0x000000000000033b       0x2d ./Middlewares/ST/STM32_USB_Device_Library/Core/Src/usbd_core.o
 .ARM.attributes
                0x0000000000000368       0x2d ./Middlewares/ST/STM32_USB_Device_Library/Core/Src/usbd_ctlreq.o
 .ARM.attributes
                0x0000000000000395       0x2d ./Middlewares/ST/STM32_USB_Device_Library/Core/Src/usbd_ioreq.o
 .ARM.attributes
                0x00000000000003c2       0x2d ./USB_DEVICE/App/usb_device.o
 .ARM.attributes
                0x00000000000003ef       0x2d ./USB_DEVICE/App/usbd_custom_hid_if.o
 .ARM.attributes
                0x000000000000041c       0x2d ./USB_DEVICE/App/usbd_desc.o
 .ARM.attributes
                0x0000000000000449       0x2d ./USB_DEVICE/Target/usbd_conf.o
 .ARM.attributes
                0x0000000000000476       0x2d /opt/st/stm32cubeide_1.8.0/plugins/com.st.stm32cube.ide.mcu.externaltools.gnu-tools-for-stm32.9-2020-q2-update.linux64_2.0.0.202105311346/tools/bin/../lib/gcc/arm-none-eabi/9.3.1/../../../../arm-none-eabi/lib/thumb/v7-m/nofp/libc_nano.a(lib_a-init.o)
 .ARM.attributes
                0x00000000000004a3       0x2d /opt/st/stm32cubeide_1.8.0/plugins/com.st.stm32cube.ide.mcu.externaltools.gnu-tools-for-stm32.9-2020-q2-update.linux64_2.0.0.202105311346/tools/bin/../lib/gcc/arm-none-eabi/9.3.1/../../../../arm-none-eabi/lib/thumb/v7-m/nofp/libc_nano.a(lib_a-memset.o)
 .ARM.attributes
                0x00000000000004d0       0x1d /opt/st/stm32cubeide_1.8.0/plugins/com.st.stm32cube.ide.mcu.externaltools.gnu-tools-for-stm32.9-2020-q2-update.linux64_2.0.0.202105311346/tools/bin/../lib/gcc/arm-none-eabi/9.3.1/thumb/v7-m/nofp/crtn.o
OUTPUT(logitech-g402.elf elf32-littlearm)
LOAD linker stubs
LOAD /opt/st/stm32cubeide_1.8.0/plugins/com.st.stm32cube.ide.mcu.externaltools.gnu-tools-for-stm32.9-2020-q2-update.linux64_2.0.0.202105311346/tools/bin/../lib/gcc/arm-none-eabi/9.3.1/../../../../arm-none-eabi/lib/thumb/v7-m/nofp/libc.a
LOAD /opt/st/stm32cubeide_1.8.0/plugins/com.st.stm32cube.ide.mcu.externaltools.gnu-tools-for-stm32.9-2020-q2-update.linux64_2.0.0.202105311346/tools/bin/../lib/gcc/arm-none-eabi/9.3.1/../../../../arm-none-eabi/lib/thumb/v7-m/nofp/libm.a
LOAD /opt/st/stm32cubeide_1.8.0/plugins/com.st.stm32cube.ide.mcu.externaltools.gnu-tools-for-stm32.9-2020-q2-update.linux64_2.0.0.202105311346/tools/bin/../lib/gcc/arm-none-eabi/9.3.1/thumb/v7-m/nofp/libgcc.a

.debug_info     0x0000000000000000    0x1841e
 .debug_info    0x0000000000000000     0x1e73 ./Core/Src/main.o
 .debug_info    0x0000000000001e73      0xde7 ./Core/Src/stm32f1xx_hal_msp.o
 .debug_info    0x0000000000002c5a      0xc84 ./Core/Src/stm32f1xx_it.o
 .debug_info    0x00000000000038de      0x2be ./Core/Src/system_stm32f1xx.o
 .debug_info    0x0000000000003b9c       0x22 ./Core/Startup/startup_stm32f102r8tx.o
 .debug_info    0x0000000000003bbe      0x742 ./Drivers/STM32F1xx_HAL_Driver/Src/stm32f1xx_hal.o
 .debug_info    0x0000000000004300      0xbb8 ./Drivers/STM32F1xx_HAL_Driver/Src/stm32f1xx_hal_cortex.o
 .debug_info    0x0000000000004eb8      0x6f9 ./Drivers/STM32F1xx_HAL_Driver/Src/stm32f1xx_hal_gpio.o
 .debug_info    0x00000000000055b1     0x1501 ./Drivers/STM32F1xx_HAL_Driver/Src/stm32f1xx_hal_pcd.o
 .debug_info    0x0000000000006ab2      0x7fc ./Drivers/STM32F1xx_HAL_Driver/Src/stm32f1xx_hal_pcd_ex.o
 .debug_info    0x00000000000072ae      0x88e ./Drivers/STM32F1xx_HAL_Driver/Src/stm32f1xx_hal_rcc.o
 .debug_info    0x0000000000007b3c      0x480 ./Drivers/STM32F1xx_HAL_Driver/Src/stm32f1xx_hal_rcc_ex.o
 .debug_info    0x0000000000007fbc     0x16b5 ./Drivers/STM32F1xx_HAL_Driver/Src/stm32f1xx_hal_spi.o
 .debug_info    0x0000000000009671     0x2a3b ./Drivers/STM32F1xx_HAL_Driver/Src/stm32f1xx_hal_tim.o
 .debug_info    0x000000000000c0ac     0x14cb ./Drivers/STM32F1xx_HAL_Driver/Src/stm32f1xx_hal_tim_ex.o
 .debug_info    0x000000000000d577     0x19e6 ./Drivers/STM32F1xx_HAL_Driver/Src/stm32f1xx_ll_usb.o
 .debug_info    0x000000000000ef5d     0x12fe ./Middlewares/ST/STM32_USB_Device_Library/Class/CustomHID/Src/usbd_customhid.o
 .debug_info    0x000000000001025b     0x12ef ./Middlewares/ST/STM32_USB_Device_Library/Core/Src/usbd_core.o
 .debug_info    0x000000000001154a     0x125c ./Middlewares/ST/STM32_USB_Device_Library/Core/Src/usbd_ctlreq.o
 .debug_info    0x00000000000127a6     0x102e ./Middlewares/ST/STM32_USB_Device_Library/Core/Src/usbd_ioreq.o
 .debug_info    0x00000000000137d4      0xf46 ./USB_DEVICE/App/usb_device.o
 .debug_info    0x000000000001471a      0xfb8 ./USB_DEVICE/App/usbd_custom_hid_if.o
 .debug_info    0x00000000000156d2      0xde8 ./USB_DEVICE/App/usbd_desc.o
 .debug_info    0x00000000000164ba     0x1f64 ./USB_DEVICE/Target/usbd_conf.o

.debug_abbrev   0x0000000000000000     0x3545
 .debug_abbrev  0x0000000000000000      0x364 ./Core/Src/main.o
 .debug_abbrev  0x0000000000000364      0x1c8 ./Core/Src/stm32f1xx_hal_msp.o
 .debug_abbrev  0x000000000000052c      0x1a7 ./Core/Src/stm32f1xx_it.o
 .debug_abbrev  0x00000000000006d3      0x14e ./Core/Src/system_stm32f1xx.o
 .debug_abbrev  0x0000000000000821       0x12 ./Core/Startup/startup_stm32f102r8tx.o
 .debug_abbrev  0x0000000000000833      0x21e ./Drivers/STM32F1xx_HAL_Driver/Src/stm32f1xx_hal.o
 .debug_abbrev  0x0000000000000a51      0x313 ./Drivers/STM32F1xx_HAL_Driver/Src/stm32f1xx_hal_cortex.o
 .debug_abbrev  0x0000000000000d64      0x1e8 ./Drivers/STM32F1xx_HAL_Driver/Src/stm32f1xx_hal_gpio.o
 .debug_abbrev  0x0000000000000f4c      0x29e ./Drivers/STM32F1xx_HAL_Driver/Src/stm32f1xx_hal_pcd.o
 .debug_abbrev  0x00000000000011ea      0x1ac ./Drivers/STM32F1xx_HAL_Driver/Src/stm32f1xx_hal_pcd_ex.o
 .debug_abbrev  0x0000000000001396      0x273 ./Drivers/STM32F1xx_HAL_Driver/Src/stm32f1xx_hal_rcc.o
 .debug_abbrev  0x0000000000001609      0x193 ./Drivers/STM32F1xx_HAL_Driver/Src/stm32f1xx_hal_rcc_ex.o
 .debug_abbrev  0x000000000000179c      0x26e ./Drivers/STM32F1xx_HAL_Driver/Src/stm32f1xx_hal_spi.o
 .debug_abbrev  0x0000000000001a0a      0x26f ./Drivers/STM32F1xx_HAL_Driver/Src/stm32f1xx_hal_tim.o
 .debug_abbrev  0x0000000000001c79      0x277 ./Drivers/STM32F1xx_HAL_Driver/Src/stm32f1xx_hal_tim_ex.o
 .debug_abbrev  0x0000000000001ef0      0x1fa ./Drivers/STM32F1xx_HAL_Driver/Src/stm32f1xx_ll_usb.o
 .debug_abbrev  0x00000000000020ea      0x2df ./Middlewares/ST/STM32_USB_Device_Library/Class/CustomHID/Src/usbd_customhid.o
 .debug_abbrev  0x00000000000023c9      0x2a8 ./Middlewares/ST/STM32_USB_Device_Library/Core/Src/usbd_core.o
 .debug_abbrev  0x0000000000002671      0x2de ./Middlewares/ST/STM32_USB_Device_Library/Core/Src/usbd_ctlreq.o
 .debug_abbrev  0x000000000000294f      0x20a ./Middlewares/ST/STM32_USB_Device_Library/Core/Src/usbd_ioreq.o
 .debug_abbrev  0x0000000000002b59      0x1e4 ./USB_DEVICE/App/usb_device.o
 .debug_abbrev  0x0000000000002d3d      0x221 ./USB_DEVICE/App/usbd_custom_hid_if.o
 .debug_abbrev  0x0000000000002f5e      0x2ca ./USB_DEVICE/App/usbd_desc.o
 .debug_abbrev  0x0000000000003228      0x31d ./USB_DEVICE/Target/usbd_conf.o

.debug_aranges  0x0000000000000000     0x1198
 .debug_aranges
                0x0000000000000000       0x70 ./Core/Src/main.o
 .debug_aranges
                0x0000000000000070       0x40 ./Core/Src/stm32f1xx_hal_msp.o
 .debug_aranges
                0x00000000000000b0       0x78 ./Core/Src/stm32f1xx_it.o
 .debug_aranges
                0x0000000000000128       0x28 ./Core/Src/system_stm32f1xx.o
 .debug_aranges
                0x0000000000000150       0x28 ./Core/Startup/startup_stm32f102r8tx.o
 .debug_aranges
                0x0000000000000178       0xe0 ./Drivers/STM32F1xx_HAL_Driver/Src/stm32f1xx_hal.o
 .debug_aranges
                0x0000000000000258      0x100 ./Drivers/STM32F1xx_HAL_Driver/Src/stm32f1xx_hal_cortex.o
 .debug_aranges
                0x0000000000000358       0x58 ./Drivers/STM32F1xx_HAL_Driver/Src/stm32f1xx_hal_gpio.o
 .debug_aranges
                0x00000000000003b0      0x138 ./Drivers/STM32F1xx_HAL_Driver/Src/stm32f1xx_hal_pcd.o
 .debug_aranges
                0x00000000000004e8       0x38 ./Drivers/STM32F1xx_HAL_Driver/Src/stm32f1xx_hal_pcd_ex.o
 .debug_aranges
                0x0000000000000520       0x90 ./Drivers/STM32F1xx_HAL_Driver/Src/stm32f1xx_hal_rcc.o
 .debug_aranges
                0x00000000000005b0       0x30 ./Drivers/STM32F1xx_HAL_Driver/Src/stm32f1xx_hal_rcc_ex.o
 .debug_aranges
                0x00000000000005e0      0x1d0 ./Drivers/STM32F1xx_HAL_Driver/Src/stm32f1xx_hal_spi.o
 .debug_aranges
                0x00000000000007b0      0x3d0 ./Drivers/STM32F1xx_HAL_Driver/Src/stm32f1xx_hal_tim.o
 .debug_aranges
                0x0000000000000b80      0x168 ./Drivers/STM32F1xx_HAL_Driver/Src/stm32f1xx_hal_tim_ex.o
 .debug_aranges
                0x0000000000000ce8       0xf0 ./Drivers/STM32F1xx_HAL_Driver/Src/stm32f1xx_ll_usb.o
 .debug_aranges
                0x0000000000000dd8       0x68 ./Middlewares/ST/STM32_USB_Device_Library/Class/CustomHID/Src/usbd_customhid.o
 .debug_aranges
                0x0000000000000e40       0xb8 ./Middlewares/ST/STM32_USB_Device_Library/Core/Src/usbd_core.o
 .debug_aranges
                0x0000000000000ef8       0x88 ./Middlewares/ST/STM32_USB_Device_Library/Core/Src/usbd_ctlreq.o
 .debug_aranges
                0x0000000000000f80       0x50 ./Middlewares/ST/STM32_USB_Device_Library/Core/Src/usbd_ioreq.o
 .debug_aranges
                0x0000000000000fd0       0x20 ./USB_DEVICE/App/usb_device.o
 .debug_aranges
                0x0000000000000ff0       0x30 ./USB_DEVICE/App/usbd_custom_hid_if.o
 .debug_aranges
                0x0000000000001020       0x60 ./USB_DEVICE/App/usbd_desc.o
 .debug_aranges
                0x0000000000001080      0x118 ./USB_DEVICE/Target/usbd_conf.o

.debug_ranges   0x0000000000000000     0x1020
 .debug_ranges  0x0000000000000000       0x60 ./Core/Src/main.o
 .debug_ranges  0x0000000000000060       0x30 ./Core/Src/stm32f1xx_hal_msp.o
 .debug_ranges  0x0000000000000090       0x68 ./Core/Src/stm32f1xx_it.o
 .debug_ranges  0x00000000000000f8       0x18 ./Core/Src/system_stm32f1xx.o
 .debug_ranges  0x0000000000000110       0x20 ./Core/Startup/startup_stm32f102r8tx.o
 .debug_ranges  0x0000000000000130       0xd0 ./Drivers/STM32F1xx_HAL_Driver/Src/stm32f1xx_hal.o
 .debug_ranges  0x0000000000000200       0xf0 ./Drivers/STM32F1xx_HAL_Driver/Src/stm32f1xx_hal_cortex.o
 .debug_ranges  0x00000000000002f0       0x48 ./Drivers/STM32F1xx_HAL_Driver/Src/stm32f1xx_hal_gpio.o
 .debug_ranges  0x0000000000000338      0x128 ./Drivers/STM32F1xx_HAL_Driver/Src/stm32f1xx_hal_pcd.o
 .debug_ranges  0x0000000000000460       0x28 ./Drivers/STM32F1xx_HAL_Driver/Src/stm32f1xx_hal_pcd_ex.o
 .debug_ranges  0x0000000000000488       0x80 ./Drivers/STM32F1xx_HAL_Driver/Src/stm32f1xx_hal_rcc.o
 .debug_ranges  0x0000000000000508       0x20 ./Drivers/STM32F1xx_HAL_Driver/Src/stm32f1xx_hal_rcc_ex.o
 .debug_ranges  0x0000000000000528      0x1c0 ./Drivers/STM32F1xx_HAL_Driver/Src/stm32f1xx_hal_spi.o
 .debug_ranges  0x00000000000006e8      0x3c0 ./Drivers/STM32F1xx_HAL_Driver/Src/stm32f1xx_hal_tim.o
 .debug_ranges  0x0000000000000aa8      0x158 ./Drivers/STM32F1xx_HAL_Driver/Src/stm32f1xx_hal_tim_ex.o
 .debug_ranges  0x0000000000000c00       0xe0 ./Drivers/STM32F1xx_HAL_Driver/Src/stm32f1xx_ll_usb.o
 .debug_ranges  0x0000000000000ce0       0x58 ./Middlewares/ST/STM32_USB_Device_Library/Class/CustomHID/Src/usbd_customhid.o
 .debug_ranges  0x0000000000000d38       0xa8 ./Middlewares/ST/STM32_USB_Device_Library/Core/Src/usbd_core.o
 .debug_ranges  0x0000000000000de0       0x78 ./Middlewares/ST/STM32_USB_Device_Library/Core/Src/usbd_ctlreq.o
 .debug_ranges  0x0000000000000e58       0x40 ./Middlewares/ST/STM32_USB_Device_Library/Core/Src/usbd_ioreq.o
 .debug_ranges  0x0000000000000e98       0x10 ./USB_DEVICE/App/usb_device.o
 .debug_ranges  0x0000000000000ea8       0x20 ./USB_DEVICE/App/usbd_custom_hid_if.o
 .debug_ranges  0x0000000000000ec8       0x50 ./USB_DEVICE/App/usbd_desc.o
 .debug_ranges  0x0000000000000f18      0x108 ./USB_DEVICE/Target/usbd_conf.o

.debug_macro    0x0000000000000000    0x14b35
 .debug_macro   0x0000000000000000      0x409 ./Core/Src/main.o
 .debug_macro   0x0000000000000409      0xa9c ./Core/Src/main.o
 .debug_macro   0x0000000000000ea5      0x221 ./Core/Src/main.o
 .debug_macro   0x00000000000010c6       0x2e ./Core/Src/main.o
 .debug_macro   0x00000000000010f4       0x22 ./Core/Src/main.o
 .debug_macro   0x0000000000001116       0x22 ./Core/Src/main.o
 .debug_macro   0x0000000000001138       0x8e ./Core/Src/main.o
 .debug_macro   0x00000000000011c6       0x51 ./Core/Src/main.o
 .debug_macro   0x0000000000001217      0x103 ./Core/Src/main.o
 .debug_macro   0x000000000000131a       0x6a ./Core/Src/main.o
 .debug_macro   0x0000000000001384      0x1df ./Core/Src/main.o
 .debug_macro   0x0000000000001563       0x1c ./Core/Src/main.o
 .debug_macro   0x000000000000157f       0x22 ./Core/Src/main.o
 .debug_macro   0x00000000000015a1       0xc3 ./Core/Src/main.o
 .debug_macro   0x0000000000001664      0xd23 ./Core/Src/main.o
 .debug_macro   0x0000000000002387     0x82f0 ./Core/Src/main.o
 .debug_macro   0x000000000000a677       0x6d ./Core/Src/main.o
 .debug_macro   0x000000000000a6e4     0x3468 ./Core/Src/main.o
 .debug_macro   0x000000000000db4c      0x174 ./Core/Src/main.o
 .debug_macro   0x000000000000dcc0       0x5c ./Core/Src/main.o
 .debug_macro   0x000000000000dd1c      0x5be ./Core/Src/main.o
 .debug_macro   0x000000000000e2da      0x20b ./Core/Src/main.o
 .debug_macro   0x000000000000e4e5      0x1cb ./Core/Src/main.o
 .debug_macro   0x000000000000e6b0      0x114 ./Core/Src/main.o
 .debug_macro   0x000000000000e7c4      0x19d ./Core/Src/main.o
 .debug_macro   0x000000000000e961       0x27 ./Core/Src/main.o
 .debug_macro   0x000000000000e988      0x12f ./Core/Src/main.o
 .debug_macro   0x000000000000eab7      0x1bc ./Core/Src/main.o
 .debug_macro   0x000000000000ec73       0x34 ./Core/Src/main.o
 .debug_macro   0x000000000000eca7       0x3c ./Core/Src/main.o
 .debug_macro   0x000000000000ece3       0x57 ./Core/Src/main.o
 .debug_macro   0x000000000000ed3a       0x88 ./Core/Src/main.o
 .debug_macro   0x000000000000edc2      0x241 ./Core/Src/main.o
 .debug_macro   0x000000000000f003      0x141 ./Core/Src/main.o
 .debug_macro   0x000000000000f144      0x217 ./Core/Src/main.o
 .debug_macro   0x000000000000f35b      0x8d1 ./Core/Src/main.o
 .debug_macro   0x000000000000fc2c       0x65 ./Core/Src/main.o
 .debug_macro   0x000000000000fc91      0x249 ./Core/Src/main.o
 .debug_macro   0x000000000000feda       0x67 ./Core/Src/main.o
 .debug_macro   0x000000000000ff41       0x4c ./Core/Src/main.o
 .debug_macro   0x000000000000ff8d       0x52 ./Core/Src/main.o
 .debug_macro   0x000000000000ffdf       0x18 ./Core/Src/main.o
 .debug_macro   0x000000000000fff7       0x3c ./Core/Src/main.o
 .debug_macro   0x0000000000010033       0x34 ./Core/Src/main.o
 .debug_macro   0x0000000000010067       0x16 ./Core/Src/main.o
 .debug_macro   0x000000000001007d       0x35 ./Core/Src/main.o
 .debug_macro   0x00000000000100b2      0x333 ./Core/Src/main.o
 .debug_macro   0x00000000000103e5       0x10 ./Core/Src/main.o
 .debug_macro   0x00000000000103f5       0x16 ./Core/Src/main.o
 .debug_macro   0x000000000001040b       0x43 ./Core/Src/main.o
 .debug_macro   0x000000000001044e       0x34 ./Core/Src/main.o
 .debug_macro   0x0000000000010482       0x10 ./Core/Src/main.o
 .debug_macro   0x0000000000010492       0x58 ./Core/Src/main.o
 .debug_macro   0x00000000000104ea       0x71 ./Core/Src/main.o
 .debug_macro   0x000000000001055b       0x1c ./Core/Src/main.o
 .debug_macro   0x0000000000010577      0x12a ./Core/Src/main.o
 .debug_macro   0x00000000000106a1       0x10 ./Core/Src/main.o
 .debug_macro   0x00000000000106b1       0x1c ./Core/Src/main.o
 .debug_macro   0x00000000000106cd       0x52 ./Core/Src/main.o
 .debug_macro   0x000000000001071f       0x22 ./Core/Src/main.o
 .debug_macro   0x0000000000010741       0x10 ./Core/Src/main.o
 .debug_macro   0x0000000000010751       0x40 ./Core/Src/main.o
 .debug_macro   0x0000000000010791       0xd5 ./Core/Src/main.o
 .debug_macro   0x0000000000010866       0x1c ./Core/Src/main.o
 .debug_macro   0x0000000000010882       0x3d ./Core/Src/main.o
 .debug_macro   0x00000000000108bf       0x16 ./Core/Src/main.o
 .debug_macro   0x00000000000108d5      0x145 ./Core/Src/main.o
 .debug_macro   0x0000000000010a1a       0x16 ./Core/Src/main.o
 .debug_macro   0x0000000000010a30       0x16 ./Core/Src/main.o
 .debug_macro   0x0000000000010a46       0x29 ./Core/Src/main.o
 .debug_macro   0x0000000000010a6f       0x16 ./Core/Src/main.o
 .debug_macro   0x0000000000010a85       0x20 ./Core/Src/main.o
 .debug_macro   0x0000000000010aa5       0x6c ./Core/Src/main.o
 .debug_macro   0x0000000000010b11      0x1c8 ./Core/Src/main.o
 .debug_macro   0x0000000000010cd9       0x65 ./Core/Src/main.o
 .debug_macro   0x0000000000010d3e      0x1d3 ./Core/Src/stm32f1xx_hal_msp.o
 .debug_macro   0x0000000000010f11      0x1dd ./Core/Src/stm32f1xx_it.o
 .debug_macro   0x00000000000110ee      0x1c4 ./Core/Src/system_stm32f1xx.o
 .debug_macro   0x00000000000112b2      0x1e8 ./Drivers/STM32F1xx_HAL_Driver/Src/stm32f1xx_hal.o
 .debug_macro   0x000000000001149a      0x1c4 ./Drivers/STM32F1xx_HAL_Driver/Src/stm32f1xx_hal_cortex.o
 .debug_macro   0x000000000001165e      0x22f ./Drivers/STM32F1xx_HAL_Driver/Src/stm32f1xx_hal_gpio.o
 .debug_macro   0x000000000001188d      0x1d0 ./Drivers/STM32F1xx_HAL_Driver/Src/stm32f1xx_hal_pcd.o
 .debug_macro   0x0000000000011a5d      0x1c4 ./Drivers/STM32F1xx_HAL_Driver/Src/stm32f1xx_hal_pcd_ex.o
 .debug_macro   0x0000000000011c21      0x1d6 ./Drivers/STM32F1xx_HAL_Driver/Src/stm32f1xx_hal_rcc.o
 .debug_macro   0x0000000000011df7      0x1c4 ./Drivers/STM32F1xx_HAL_Driver/Src/stm32f1xx_hal_rcc_ex.o
 .debug_macro   0x0000000000011fbb      0x1cc ./Drivers/STM32F1xx_HAL_Driver/Src/stm32f1xx_hal_spi.o
 .debug_macro   0x0000000000012187      0x1c5 ./Drivers/STM32F1xx_HAL_Driver/Src/stm32f1xx_hal_tim.o
 .debug_macro   0x000000000001234c      0x1c4 ./Drivers/STM32F1xx_HAL_Driver/Src/stm32f1xx_hal_tim_ex.o
 .debug_macro   0x0000000000012510      0x1c4 ./Drivers/STM32F1xx_HAL_Driver/Src/stm32f1xx_ll_usb.o
 .debug_macro   0x00000000000126d4      0x3e9 ./Middlewares/ST/STM32_USB_Device_Library/Class/CustomHID/Src/usbd_customhid.o
 .debug_macro   0x0000000000012abd       0x97 ./Middlewares/ST/STM32_USB_Device_Library/Class/CustomHID/Src/usbd_customhid.o
 .debug_macro   0x0000000000012b54       0xfd ./Middlewares/ST/STM32_USB_Device_Library/Class/CustomHID/Src/usbd_customhid.o
 .debug_macro   0x0000000000012c51       0xbd ./Middlewares/ST/STM32_USB_Device_Library/Class/CustomHID/Src/usbd_customhid.o
 .debug_macro   0x0000000000012d0e       0x56 ./Middlewares/ST/STM32_USB_Device_Library/Class/CustomHID/Src/usbd_customhid.o
 .debug_macro   0x0000000000012d64      0x3d0 ./Middlewares/ST/STM32_USB_Device_Library/Core/Src/usbd_core.o
 .debug_macro   0x0000000000013134      0x1ce ./Middlewares/ST/STM32_USB_Device_Library/Core/Src/usbd_core.o
 .debug_macro   0x0000000000013302      0x3da ./Middlewares/ST/STM32_USB_Device_Library/Core/Src/usbd_ctlreq.o
 .debug_macro   0x00000000000136dc      0x3d6 ./Middlewares/ST/STM32_USB_Device_Library/Core/Src/usbd_ioreq.o
 .debug_macro   0x0000000000013ab2      0x40a ./USB_DEVICE/App/usb_device.o
 .debug_macro   0x0000000000013ebc       0x52 ./USB_DEVICE/App/usb_device.o
 .debug_macro   0x0000000000013f0e       0x22 ./USB_DEVICE/App/usb_device.o
 .debug_macro   0x0000000000013f30      0x3ef ./USB_DEVICE/App/usbd_custom_hid_if.o
 .debug_macro   0x000000000001431f      0x40d ./USB_DEVICE/App/usbd_desc.o
 .debug_macro   0x000000000001472c       0x1c ./USB_DEVICE/App/usbd_desc.o
 .debug_macro   0x0000000000014748      0x3ed ./USB_DEVICE/Target/usbd_conf.o

.debug_line     0x0000000000000000    0x147e1
 .debug_line    0x0000000000000000      0xcc6 ./Core/Src/main.o
 .debug_line    0x0000000000000cc6      0x72d ./Core/Src/stm32f1xx_hal_msp.o
 .debug_line    0x00000000000013f3      0x7a9 ./Core/Src/stm32f1xx_it.o
 .debug_line    0x0000000000001b9c      0x71d ./Core/Src/system_stm32f1xx.o
 .debug_line    0x00000000000022b9       0x87 ./Core/Startup/startup_stm32f102r8tx.o
 .debug_line    0x0000000000002340      0x94a ./Drivers/STM32F1xx_HAL_Driver/Src/stm32f1xx_hal.o
 .debug_line    0x0000000000002c8a      0xb32 ./Drivers/STM32F1xx_HAL_Driver/Src/stm32f1xx_hal_cortex.o
 .debug_line    0x00000000000037bc      0x9cb ./Drivers/STM32F1xx_HAL_Driver/Src/stm32f1xx_hal_gpio.o
 .debug_line    0x0000000000004187     0x1338 ./Drivers/STM32F1xx_HAL_Driver/Src/stm32f1xx_hal_pcd.o
 .debug_line    0x00000000000054bf      0x718 ./Drivers/STM32F1xx_HAL_Driver/Src/stm32f1xx_hal_pcd_ex.o
 .debug_line    0x0000000000005bd7      0xd58 ./Drivers/STM32F1xx_HAL_Driver/Src/stm32f1xx_hal_rcc.o
 .debug_line    0x000000000000692f      0x896 ./Drivers/STM32F1xx_HAL_Driver/Src/stm32f1xx_hal_rcc_ex.o
 .debug_line    0x00000000000071c5     0x1bcf ./Drivers/STM32F1xx_HAL_Driver/Src/stm32f1xx_hal_spi.o
 .debug_line    0x0000000000008d94     0x3146 ./Drivers/STM32F1xx_HAL_Driver/Src/stm32f1xx_hal_tim.o
 .debug_line    0x000000000000beda     0x1840 ./Drivers/STM32F1xx_HAL_Driver/Src/stm32f1xx_hal_tim_ex.o
 .debug_line    0x000000000000d71a     0x1052 ./Drivers/STM32F1xx_HAL_Driver/Src/stm32f1xx_ll_usb.o
 .debug_line    0x000000000000e76c      0xc1e ./Middlewares/ST/STM32_USB_Device_Library/Class/CustomHID/Src/usbd_customhid.o
 .debug_line    0x000000000000f38a      0xda3 ./Middlewares/ST/STM32_USB_Device_Library/Core/Src/usbd_core.o
 .debug_line    0x000000000001012d      0xfc2 ./Middlewares/ST/STM32_USB_Device_Library/Core/Src/usbd_ctlreq.o
 .debug_line    0x00000000000110ef      0xa39 ./Middlewares/ST/STM32_USB_Device_Library/Core/Src/usbd_ioreq.o
 .debug_line    0x0000000000011b28      0xa0c ./USB_DEVICE/App/usb_device.o
 .debug_line    0x0000000000012534      0xa04 ./USB_DEVICE/App/usbd_custom_hid_if.o
 .debug_line    0x0000000000012f38      0xac2 ./USB_DEVICE/App/usbd_desc.o
 .debug_line    0x00000000000139fa      0xde7 ./USB_DEVICE/Target/usbd_conf.o

.debug_str      0x0000000000000000    0x71192
 .debug_str     0x0000000000000000    0x6d39a ./Core/Src/main.o
                                      0x6d8ed (size before relaxing)
 .debug_str     0x000000000006d39a      0x2f2 ./Core/Src/stm32f1xx_hal_msp.o
                                      0x6857f (size before relaxing)
 .debug_str     0x000000000006d68c      0x3ae ./Core/Src/stm32f1xx_it.o
                                      0x68400 (size before relaxing)
 .debug_str     0x000000000006da3a       0x52 ./Core/Src/system_stm32f1xx.o
                                      0x67ac1 (size before relaxing)
 .debug_str     0x000000000006da8c       0x36 ./Core/Startup/startup_stm32f102r8tx.o
                                         0x75 (size before relaxing)
 .debug_str     0x000000000006dac2      0x2f0 ./Drivers/STM32F1xx_HAL_Driver/Src/stm32f1xx_hal.o
                                      0x680e9 (size before relaxing)
 .debug_str     0x000000000006ddb2      0x2d8 ./Drivers/STM32F1xx_HAL_Driver/Src/stm32f1xx_hal_cortex.o
                                      0x680f1 (size before relaxing)
 .debug_str     0x000000000006e08a      0x324 ./Drivers/STM32F1xx_HAL_Driver/Src/stm32f1xx_hal_gpio.o
                                      0x67e85 (size before relaxing)
 .debug_str     0x000000000006e3ae      0x3e5 ./Drivers/STM32F1xx_HAL_Driver/Src/stm32f1xx_hal_pcd.o
                                      0x68214 (size before relaxing)
 .debug_str     0x000000000006e793      0x18d ./Drivers/STM32F1xx_HAL_Driver/Src/stm32f1xx_hal_pcd_ex.o
                                      0x67f61 (size before relaxing)
 .debug_str     0x000000000006e920      0x24f ./Drivers/STM32F1xx_HAL_Driver/Src/stm32f1xx_hal_rcc.o
                                      0x67ebe (size before relaxing)
 .debug_str     0x000000000006eb6f       0xb9 ./Drivers/STM32F1xx_HAL_Driver/Src/stm32f1xx_hal_rcc_ex.o
                                      0x67c4b (size before relaxing)
 .debug_str     0x000000000006ec28      0x543 ./Drivers/STM32F1xx_HAL_Driver/Src/stm32f1xx_hal_spi.o
                                      0x683cd (size before relaxing)
 .debug_str     0x000000000006f16b      0xd65 ./Drivers/STM32F1xx_HAL_Driver/Src/stm32f1xx_hal_tim.o
                                      0x68e90 (size before relaxing)
 .debug_str     0x000000000006fed0      0x4ee ./Drivers/STM32F1xx_HAL_Driver/Src/stm32f1xx_hal_tim_ex.o
                                      0x68641 (size before relaxing)
 .debug_str     0x00000000000703be      0x2a7 ./Drivers/STM32F1xx_HAL_Driver/Src/stm32f1xx_ll_usb.o
                                      0x67f94 (size before relaxing)
 .debug_str     0x0000000000070665      0x280 ./Middlewares/ST/STM32_USB_Device_Library/Class/CustomHID/Src/usbd_customhid.o
                                      0x6d028 (size before relaxing)
 .debug_str     0x00000000000708e5      0x1b5 ./Middlewares/ST/STM32_USB_Device_Library/Core/Src/usbd_core.o
                                      0x6cd11 (size before relaxing)
 .debug_str     0x0000000000070a9a      0x12f ./Middlewares/ST/STM32_USB_Device_Library/Core/Src/usbd_ctlreq.o
                                      0x6cc97 (size before relaxing)
 .debug_str     0x0000000000070bc9       0xc9 ./Middlewares/ST/STM32_USB_Device_Library/Core/Src/usbd_ioreq.o
                                      0x6cc1f (size before relaxing)
 .debug_str     0x0000000000070c92       0xb5 ./USB_DEVICE/App/usb_device.o
                                      0x6ce99 (size before relaxing)
 .debug_str     0x0000000000070d47       0x89 ./USB_DEVICE/App/usbd_custom_hid_if.o
                                      0x6ce5e (size before relaxing)
 .debug_str     0x0000000000070dd0      0x26e ./USB_DEVICE/App/usbd_desc.o
                                      0x6cba0 (size before relaxing)
 .debug_str     0x000000000007103e      0x154 ./USB_DEVICE/Target/usbd_conf.o
                                      0x6d6fc (size before relaxing)

.comment        0x0000000000000000       0x53
 .comment       0x0000000000000000       0x53 ./Core/Src/main.o
                                         0x54 (size before relaxing)
 .comment       0x0000000000000053       0x54 ./Core/Src/stm32f1xx_hal_msp.o
 .comment       0x0000000000000053       0x54 ./Core/Src/stm32f1xx_it.o
 .comment       0x0000000000000053       0x54 ./Core/Src/system_stm32f1xx.o
 .comment       0x0000000000000053       0x54 ./Drivers/STM32F1xx_HAL_Driver/Src/stm32f1xx_hal.o
 .comment       0x0000000000000053       0x54 ./Drivers/STM32F1xx_HAL_Driver/Src/stm32f1xx_hal_cortex.o
 .comment       0x0000000000000053       0x54 ./Drivers/STM32F1xx_HAL_Driver/Src/stm32f1xx_hal_gpio.o
 .comment       0x0000000000000053       0x54 ./Drivers/STM32F1xx_HAL_Driver/Src/stm32f1xx_hal_pcd.o
 .comment       0x0000000000000053       0x54 ./Drivers/STM32F1xx_HAL_Driver/Src/stm32f1xx_hal_pcd_ex.o
 .comment       0x0000000000000053       0x54 ./Drivers/STM32F1xx_HAL_Driver/Src/stm32f1xx_hal_rcc.o
 .comment       0x0000000000000053       0x54 ./Drivers/STM32F1xx_HAL_Driver/Src/stm32f1xx_hal_rcc_ex.o
 .comment       0x0000000000000053       0x54 ./Drivers/STM32F1xx_HAL_Driver/Src/stm32f1xx_hal_spi.o
 .comment       0x0000000000000053       0x54 ./Drivers/STM32F1xx_HAL_Driver/Src/stm32f1xx_hal_tim.o
 .comment       0x0000000000000053       0x54 ./Drivers/STM32F1xx_HAL_Driver/Src/stm32f1xx_hal_tim_ex.o
 .comment       0x0000000000000053       0x54 ./Drivers/STM32F1xx_HAL_Driver/Src/stm32f1xx_ll_usb.o
 .comment       0x0000000000000053       0x54 ./Middlewares/ST/STM32_USB_Device_Library/Class/CustomHID/Src/usbd_customhid.o
 .comment       0x0000000000000053       0x54 ./Middlewares/ST/STM32_USB_Device_Library/Core/Src/usbd_core.o
 .comment       0x0000000000000053       0x54 ./Middlewares/ST/STM32_USB_Device_Library/Core/Src/usbd_ctlreq.o
 .comment       0x0000000000000053       0x54 ./Middlewares/ST/STM32_USB_Device_Library/Core/Src/usbd_ioreq.o
 .comment       0x0000000000000053       0x54 ./USB_DEVICE/App/usb_device.o
 .comment       0x0000000000000053       0x54 ./USB_DEVICE/App/usbd_custom_hid_if.o
 .comment       0x0000000000000053       0x54 ./USB_DEVICE/App/usbd_desc.o
 .comment       0x0000000000000053       0x54 ./USB_DEVICE/Target/usbd_conf.o

.debug_frame    0x0000000000000000     0x4874
 .debug_frame   0x0000000000000000      0x184 ./Core/Src/main.o
 .debug_frame   0x0000000000000184       0xc8 ./Core/Src/stm32f1xx_hal_msp.o
 .debug_frame   0x000000000000024c      0x158 ./Core/Src/stm32f1xx_it.o
 .debug_frame   0x00000000000003a4       0x58 ./Core/Src/system_stm32f1xx.o
 .debug_frame   0x00000000000003fc      0x334 ./Drivers/STM32F1xx_HAL_Driver/Src/stm32f1xx_hal.o
 .debug_frame   0x0000000000000730      0x428 ./Drivers/STM32F1xx_HAL_Driver/Src/stm32f1xx_hal_cortex.o
 .debug_frame   0x0000000000000b58      0x14c ./Drivers/STM32F1xx_HAL_Driver/Src/stm32f1xx_hal_gpio.o
 .debug_frame   0x0000000000000ca4      0x578 ./Drivers/STM32F1xx_HAL_Driver/Src/stm32f1xx_hal_pcd.o
 .debug_frame   0x000000000000121c       0xb0 ./Drivers/STM32F1xx_HAL_Driver/Src/stm32f1xx_hal_pcd_ex.o
 .debug_frame   0x00000000000012cc      0x21c ./Drivers/STM32F1xx_HAL_Driver/Src/stm32f1xx_hal_rcc.o
 .debug_frame   0x00000000000014e8       0x84 ./Drivers/STM32F1xx_HAL_Driver/Src/stm32f1xx_hal_rcc_ex.o
 .debug_frame   0x000000000000156c      0x824 ./Drivers/STM32F1xx_HAL_Driver/Src/stm32f1xx_hal_spi.o
 .debug_frame   0x0000000000001d90     0x11b8 ./Drivers/STM32F1xx_HAL_Driver/Src/stm32f1xx_hal_tim.o
 .debug_frame   0x0000000000002f48      0x638 ./Drivers/STM32F1xx_HAL_Driver/Src/stm32f1xx_hal_tim_ex.o
 .debug_frame   0x0000000000003580      0x450 ./Drivers/STM32F1xx_HAL_Driver/Src/stm32f1xx_ll_usb.o
 .debug_frame   0x00000000000039d0      0x18c ./Middlewares/ST/STM32_USB_Device_Library/Class/CustomHID/Src/usbd_customhid.o
 .debug_frame   0x0000000000003b5c      0x300 ./Middlewares/ST/STM32_USB_Device_Library/Core/Src/usbd_core.o
 .debug_frame   0x0000000000003e5c      0x218 ./Middlewares/ST/STM32_USB_Device_Library/Core/Src/usbd_ctlreq.o
 .debug_frame   0x0000000000004074      0x10c ./Middlewares/ST/STM32_USB_Device_Library/Core/Src/usbd_ioreq.o
 .debug_frame   0x0000000000004180       0x2c ./USB_DEVICE/App/usb_device.o
 .debug_frame   0x00000000000041ac       0x78 ./USB_DEVICE/App/usbd_custom_hid_if.o
 .debug_frame   0x0000000000004224      0x160 ./USB_DEVICE/App/usbd_desc.o
 .debug_frame   0x0000000000004384      0x4a4 ./USB_DEVICE/Target/usbd_conf.o
 .debug_frame   0x0000000000004828       0x2c /opt/st/stm32cubeide_1.8.0/plugins/com.st.stm32cube.ide.mcu.externaltools.gnu-tools-for-stm32.9-2020-q2-update.linux64_2.0.0.202105311346/tools/bin/../lib/gcc/arm-none-eabi/9.3.1/../../../../arm-none-eabi/lib/thumb/v7-m/nofp/libc_nano.a(lib_a-init.o)
 .debug_frame   0x0000000000004854       0x20 /opt/st/stm32cubeide_1.8.0/plugins/com.st.stm32cube.ide.mcu.externaltools.gnu-tools-for-stm32.9-2020-q2-update.linux64_2.0.0.202105311346/tools/bin/../lib/gcc/arm-none-eabi/9.3.1/../../../../arm-none-eabi/lib/thumb/v7-m/nofp/libc_nano.a(lib_a-memset.o)
